Archive member included to satisfy reference by file (symbol)

/opt/devkitpro/libnds/lib/libnds9.a(background.o)
                              template.o (bgInit_call)
/opt/devkitpro/libnds/lib/libnds9.a(console.o)
                              template.o (consoleDemoInit)
/opt/devkitpro/libnds/lib/libnds9.a(decompress.o)
                              template.o (decompress)
/opt/devkitpro/libnds/lib/libnds9.a(trig.o)
                              /opt/devkitpro/libnds/lib/libnds9.a(background.o) (sinLerp)
/opt/devkitpro/libnds/lib/libnds9.a(keys.o)
                              template.o (scanKeys)
/opt/devkitpro/libnds/lib/libnds9.a(initSystem.o)
                              /opt/devkitpro/devkitARM/bin/../lib/gcc/arm-none-eabi/11.1.0/../../../../arm-none-eabi/lib/thumb/ds_arm9_crt0.o (initSystem)
/opt/devkitpro/libnds/lib/libnds9.a(timeSupport.o)
                              /opt/devkitpro/libnds/lib/libnds9.a(initSystem.o) (__libnds_gtod)
/opt/devkitpro/libnds/lib/libnds9.a(securearea.o)
                              /opt/devkitpro/devkitARM/bin/../lib/gcc/arm-none-eabi/11.1.0/../../../../arm-none-eabi/lib/thumb/ds_arm9_crt0.o (__secure_area__)
/opt/devkitpro/libnds/lib/libnds9.a(interrupts.o)
                              /opt/devkitpro/libnds/lib/libnds9.a(initSystem.o) (irqInit)
/opt/devkitpro/libnds/lib/libnds9.a(syscalls.o)
                              /opt/devkitpro/libnds/lib/libnds9.a(decompress.o) (swiDecompressLZSSVram)
/opt/devkitpro/libnds/lib/libnds9.a(libnds_exit.arm.o)
                              /opt/devkitpro/devkitARM/bin/../lib/gcc/arm-none-eabi/11.1.0/../../../../arm-none-eabi/lib/thumb/ds_arm9_crt0.o (__libnds_exit)
/opt/devkitpro/libnds/lib/libnds9.a(fifosystem.o)
                              /opt/devkitpro/libnds/lib/libnds9.a(initSystem.o) (fifoSetValue32Handler)
/opt/devkitpro/libnds/lib/libnds9.a(mpu_setup.o)
                              /opt/devkitpro/devkitARM/bin/../lib/gcc/arm-none-eabi/11.1.0/../../../../arm-none-eabi/lib/thumb/ds_arm9_crt0.o (__libnds_mpu_setup)
/opt/devkitpro/libnds/lib/libnds9.a(IntrWait.o)
                              template.o (swiWaitForVBlank)
/opt/devkitpro/libnds/lib/libnds9.a(cpu_clock.o)
                              /opt/devkitpro/libnds/lib/libnds9.a(initSystem.o) (setCpuClock)
/opt/devkitpro/libnds/lib/libnds9.a(interruptDispatcher.o)
                              /opt/devkitpro/libnds/lib/libnds9.a(interrupts.o) (IntrMain)
/opt/devkitpro/libnds/lib/libnds9.a(debugprint.o)
                              /opt/devkitpro/libnds/lib/libnds9.a(console.o) (nocashWrite)
/opt/devkitpro/libnds/lib/libnds9.a(swiSoftReset.o)
                              /opt/devkitpro/libnds/lib/libnds9.a(fifosystem.o) (swiSoftReset)
/opt/devkitpro/libnds/lib/libnds9.a(biosCalls.o)
                              /opt/devkitpro/libnds/lib/libnds9.a(decompress.o) (swiDecompressLZSSWram)
/opt/devkitpro/libnds/lib/libnds9.a(default_font.bin.o)
                              /opt/devkitpro/libnds/lib/libnds9.a(console.o) (default_font_bin)
/opt/devkitpro/libnds/lib/libnds9.a(video.o)
                              /opt/devkitpro/libnds/lib/libnds9.a(initSystem.o) (vramDefault)
/opt/devkitpro/libnds/lib/libnds9.a(system.o)
                              /opt/devkitpro/libnds/lib/libnds9.a(initSystem.o) (systemValueHandler)
/opt/devkitpro/libnds/lib/libmm9.a(mm_comms.o)
                              template.o (mmEffect)
/opt/devkitpro/libnds/lib/libmm9.a(mm_memory.o)
                              template.o (mmLoadEffect)
/opt/devkitpro/libnds/lib/libmm9.a(mm_main9.o)
                              /opt/devkitpro/libnds/lib/libmm9.a(mm_memory.o) (mmcbMemory)
/opt/devkitpro/libnds/lib/libmm9.a(mm_soundbank.o)
                              /opt/devkitpro/libnds/lib/libmm9.a(mm_main9.o) (mmSoundBankInMemory)
/opt/devkitpro/libnds/lib/libmm9.a(mm_flusher.o)
                              /opt/devkitpro/libnds/lib/libmm9.a(mm_memory.o) (mmFlushBank)
/opt/devkitpro/devkitARM/bin/../lib/gcc/arm-none-eabi/11.1.0/thumb/libgcc.a(_divsi3.o)
                              /opt/devkitpro/libnds/lib/libnds9.a(console.o) (__aeabi_idivmod)
/opt/devkitpro/devkitARM/bin/../lib/gcc/arm-none-eabi/11.1.0/thumb/libgcc.a(_dvmd_tls.o)
                              /opt/devkitpro/devkitARM/bin/../lib/gcc/arm-none-eabi/11.1.0/thumb/libgcc.a(_divsi3.o) (__aeabi_idiv0)
/opt/devkitpro/devkitARM/bin/../lib/gcc/arm-none-eabi/11.1.0/../../../../arm-none-eabi/lib/thumb/libg.a(lib_a-bsearch.o)
                              /opt/devkitpro/libnds/lib/libnds9.a(trig.o) (bsearch)
/opt/devkitpro/devkitARM/bin/../lib/gcc/arm-none-eabi/11.1.0/../../../../arm-none-eabi/lib/thumb/libg.a(lib_a-fclose.o)
                              /opt/devkitpro/libnds/lib/libmm9.a(mm_main9.o) (fclose)
/opt/devkitpro/devkitARM/bin/../lib/gcc/arm-none-eabi/11.1.0/../../../../arm-none-eabi/lib/thumb/libg.a(lib_a-fflush.o)
[...]
Memory Configuration

Name             Origin             Length             Attributes
ewram            0x0000000002000000 0x0000000000380000
dtcm             0x0000000002ff0000 0x0000000000004000
vectors          0x0000000001000000 0x0000000000000100
itcm             0x0000000001000100 0x0000000000007f00
*default*        0x0000000000000000 0xffffffffffffffff

Linker script and memory map

                0x0000000002380000                __ewram_end = (ORIGIN (ewram) + LENGTH (ewram))
                0x0000000002380000                __eheap_end = (ORIGIN (ewram) + LENGTH (ewram))
                0x0000000002ff4000                __dtcm_top = (ORIGIN (dtcm) + LENGTH (dtcm))
                0x0000000002ff3ff8                __irq_flags = (__dtcm_top - 0x8)
                0x0000000002ff3ffc                __irq_vector = (__dtcm_top - 0x4)
                0x0000000002ff3f00                __sp_svc = (__dtcm_top - 0x100)
                0x0000000002ff3e00                __sp_irq = (__sp_svc - 0x100)
                0x0000000002ff3d00                __sp_usr = (__sp_irq - 0x100)

.secure         0x0000000002000000      0x800
 *(.secure)
 .secure        0x0000000002000000      0x800 /opt/devkitpro/libnds/lib/libnds9.a(securearea.o)
                0x0000000002000000                __secure_area__

.crt0           0x0000000002000800      0x300
                0x0000000002000800                __text_start = .
 *(.crt0)
 .crt0          0x0000000002000800      0x300 /opt/devkitpro/devkitARM/bin/../lib/gcc/arm-none-eabi/11.1.0/../../../../arm-none-eabi/lib/thumb/ds_arm9_crt0.o
                0x0000000002000800                _start
                0x0000000002000b00                . = ALIGN (0x4)

.plt
 *(.plt)

.init           0x0000000002000b00        0xc
 *(SORT_NONE(.init))
 .init          0x0000000002000b00        0x4 /opt/devkitpro/devkitARM/bin/../lib/gcc/arm-none-eabi/11.1.0/thumb/crti.o
                0x0000000002000b00                _init
 .init          0x0000000002000b04        0x8 /opt/devkitpro/devkitARM/bin/../lib/gcc/arm-none-eabi/11.1.0/thumb/crtn.o

.text           0x0000000002000b10     0x80b0
 *(EXCLUDE_FILE(*.twl* *.vectors* *.itcm*) .text)
 .text          0x0000000002000b10       0xa8 template.o
                0x0000000002000b10                startScreen()
                0x0000000002000b68                prepareAudio()
                0x0000000002000b90                prepareVideo()
 .text          0x0000000002000bb8      0x24c /opt/devkitpro/libnds/lib/libmm9.a(mm_comms.o)
                0x0000000002000bb8                mmSetupComms
                0x0000000002000c0a                mmSendBank
                0x0000000002000c14                mmLockChannels
                0x0000000002000c1a                mmUnlockChannels
                0x0000000002000c20                mmStart
                0x0000000002000c2a                mmPause
                0x0000000002000c2e                mmResume
                0x0000000002000c32                mmStop
                0x0000000002000c36                mmPosition
                0x0000000002000c3a                mmJingle
                0x0000000002000c3e                mmSetModuleVolume
                0x0000000002000c42                mmSetJingleVolume
                0x0000000002000c46                mmSetModuleTempo
                0x0000000002000c4a                mmSetModulePitch
                0x0000000002000c4e                mmSetEffectsVolume
                0x0000000002000c52                mmSelectMode
                0x0000000002000c56                mmStreamBegin
                0x0000000002000c6a                mmStreamEnd
                0x0000000002000cc0                mmEffect
                0x0000000002000ce4                mmEffectVolume
                0x0000000002000ce8                mmEffectPanning
                0x0000000002000cec                mmEffectRate
                0x0000000002000cf6                mmEffectScaleRate
                0x0000000002000d00                mmEffectRelease
                0x0000000002000d06                mmEffectCancel
                0x0000000002000d0c                mmEffectEx
                0x0000000002000d4a                mmEffectCancelAll
                0x0000000002000d4e                mmReverbEnable
                0x0000000002000d52                mmReverbDisable
                0x0000000002000d56                mmReverbConfigure
                0x0000000002000db2                mmReverbStart
                0x0000000002000db6                mmReverbStop
 .text          0x0000000002000e04      0x120 /opt/devkitpro/libnds/lib/libmm9.a(mm_memory.o)
                0x0000000002000e04                mmLoad
                0x0000000002000e54                mmUnload
                0x0000000002000eac                mmLoadEffect
                0x0000000002000ee4                mmUnloadEffect
 .text          0x0000000002000f24      0x108 /opt/devkitpro/libnds/lib/libmm9.a(mm_main9.o)
                0x0000000002000f24                mmActive
                0x0000000002000f2a                mmSetEventHandler
                0x0000000002000f30                mmInit
                0x0000000002000f5a                mmInitDefault
                0x0000000002000fa4                mmInitDefaultMem
                0x0000000002000fc6                mmSuspendIRQ_t
                0x0000000002000fe4                mmRestoreIRQ_t
 .text          0x000000000200102c      0x100 /opt/devkitpro/libnds/lib/libmm9.a(mm_soundbank.o)
                0x000000000200102c                mmSoundBankInMemory
                0x0000000002001034                mmSoundBankInFiles
                0x0000000002001046                mmSetCustomSoundBankHandler
                0x0000000002001072                mmsHandleFileOp
 .text          0x000000000200112c       0x3c /opt/devkitpro/libnds/lib/libmm9.a(mm_flusher.o)
                0x000000000200112c                mmFlushBank
 .text          0x0000000002001168      0x150 /opt/devkitpro/devkitARM/bin/../lib/gcc/arm-none-eabi/11.1.0/thumb/libgcc.a(_divsi3.o)
                0x0000000002001168                __aeabi_idiv
                0x0000000002001168                __divsi3
                0x0000000002001298                __aeabi_idivmod
 .text          0x00000000020012b8        0x4 /opt/devkitpro/devkitARM/bin/../lib/gcc/arm-none-eabi/11.1.0/thumb/libgcc.a(_dvmd_tls.o)
                0x00000000020012b8                __aeabi_ldiv0
                0x00000000020012b8                __aeabi_idiv0
 .text          0x00000000020012bc      0x224 /opt/devkitpro/devkitARM/bin/../lib/gcc/arm-none-eabi/11.1.0/../../../../arm-none-eabi/lib/thumb/libg.a(lib_a-strcmp.o)
                0x00000000020012bc                strcmp
 .text          0x00000000020014e0       0x14 /opt/devkitpro/devkitARM/bin/../lib/gcc/arm-none-eabi/11.1.0/thumb/libgcc.a(_thumb1_case_uqi.o)
                0x00000000020014e0                __gnu_thumb1_case_uqi
 .text          0x00000000020014f4       0x14 /opt/devkitpro/devkitARM/bin/../lib/gcc/arm-none-eabi/11.1.0/thumb/libgcc.a(_thumb1_case_uhi.o)
                0x00000000020014f4                __gnu_thumb1_case_uhi
 .text          0x0000000002001508      0x11c /opt/devkitpro/devkitARM/bin/../lib/gcc/arm-none-eabi/11.1.0/thumb/libgcc.a(_udivsi3.o)
                0x0000000002001508                __udivsi3
                0x0000000002001508                __aeabi_uidiv
                0x0000000002001604                __aeabi_uidivmod
 .text          0x0000000002001624       0x3c /opt/devkitpro/devkitARM/bin/../lib/gcc/arm-none-eabi/11.1.0/thumb/libgcc.a(_aeabi_uldivmod.o)
                0x0000000002001624                __aeabi_uldivmod
 .text          0x0000000002001660       0x28 /opt/devkitpro/devkitARM/bin/../lib/gcc/arm-none-eabi/11.1.0/thumb/libgcc.a(_clzdi2.o)
                0x0000000002001660                __clzdi2
 .text          0x0000000002001688       0x48 /opt/devkitpro/devkitARM/bin/../lib/gcc/arm-none-eabi/11.1.0/thumb/libgcc.a(_clzsi2.o)
                0x0000000002001688                __clzsi2
 *(EXCLUDE_FILE(*.twl* *.vectors* *.itcm*) .stub)
 *(EXCLUDE_FILE(*.twl* *.vectors* *.itcm*) .text.*)
 .text.__do_global_dtors_aux
                0x00000000020016d0       0x2c /opt/devkitpro/devkitARM/bin/../lib/gcc/arm-none-eabi/11.1.0/thumb/crtbegin.o
 .text.frame_dummy
                0x00000000020016fc       0x24 /opt/devkitpro/devkitARM/bin/../lib/gcc/arm-none-eabi/11.1.0/thumb/crtbegin.o
 .text.startup  0x0000000002001720       0x48 template.o
                0x0000000002001720                main
 .text.checkIfText
                0x0000000002001768       0x5c /opt/devkitpro/libnds/lib/libnds9.a(background.o)
                0x0000000002001768                checkIfText
 .text.bgUpdate
                0x00000000020017c4       0xf4 /opt/devkitpro/libnds/lib/libnds9.a(background.o)
                0x00000000020017c4                bgUpdate
 .text.bgInit_call
                0x00000000020018b8       0xc4 /opt/devkitpro/libnds/lib/libnds9.a(background.o)
                0x00000000020018b8                bgInit_call
 .text.bgInitSub_call
                0x000000000200197c       0xcc /opt/devkitpro/libnds/lib/libnds9.a(background.o)
                0x000000000200197c                bgInitSub_call
 .text.newRow   0x0000000002001a48       0xb0 /opt/devkitpro/libnds/lib/libnds9.a(console.o)
 .text.consolePrintChar
                0x0000000002001af8       0xec /opt/devkitpro/libnds/lib/libnds9.a(console.o)
                0x0000000002001af8                consolePrintChar
 .text.con_write
                0x0000000002001be4      0x374 /opt/devkitpro/libnds/lib/libnds9.a(console.o)
                0x0000000002001be4                con_write
 .text.consoleLoadFont
                0x0000000002001f58      0x2a8 /opt/devkitpro/libnds/lib/libnds9.a(console.o)
                0x0000000002001f58                consoleLoadFont
 .text.consoleInit
                0x0000000002002200      0x194 /opt/devkitpro/libnds/lib/libnds9.a(console.o)
                0x0000000002002200                consoleInit
 .text.consoleDemoInit
                0x0000000002002394       0x40 /opt/devkitpro/libnds/lib/libnds9.a(console.o)
                0x0000000002002394                consoleDemoInit
 .text.getHeader
                0x00000000020023d4        0x4 /opt/devkitpro/libnds/lib/libnds9.a(decompress.o)
 .text.readByte
                0x00000000020023d8        0x4 /opt/devkitpro/libnds/lib/libnds9.a(decompress.o)
 .text.decompress
                0x00000000020023dc       0x40 /opt/devkitpro/libnds/lib/libnds9.a(decompress.o)
                0x00000000020023dc                decompress
 .text.sinLutLookup
                0x000000000200241c       0x38 /opt/devkitpro/libnds/lib/libnds9.a(trig.o)
                0x000000000200241c                sinLutLookup
 .text.sinLerp  0x0000000002002454       0x40 /opt/devkitpro/libnds/lib/libnds9.a(trig.o)
                0x0000000002002454                sinLerp
 .text.cosLerp  0x0000000002002494       0x4c /opt/devkitpro/libnds/lib/libnds9.a(trig.o)
                0x0000000002002494                cosLerp
 .text.scanKeys
                0x00000000020024e0       0x8c /opt/devkitpro/libnds/lib/libnds9.a(keys.o)
                0x00000000020024e0                scanKeys
 .text.keysDown
                0x000000000200256c       0x14 /opt/devkitpro/libnds/lib/libnds9.a(keys.o)
                0x000000000200256c                keysDown
 .text.initSystem
                0x0000000002002580      0x198 /opt/devkitpro/libnds/lib/libnds9.a(initSystem.o)
                0x0000000002002580                initSystem
 .text.__libnds_gtod
                0x0000000002002718       0x28 /opt/devkitpro/libnds/lib/libnds9.a(timeSupport.o)
                0x0000000002002718                __libnds_gtod
 .text.irqDummy
                0x0000000002002740        0x4 /opt/devkitpro/libnds/lib/libnds9.a(interrupts.o)
                0x0000000002002740                irqDummy
 .text.irqSet   0x0000000002002744       0x6c /opt/devkitpro/libnds/lib/libnds9.a(interrupts.o)
                0x0000000002002744                irqSet
 .text.irqInit  0x00000000020027b0       0x50 /opt/devkitpro/libnds/lib/libnds9.a(interrupts.o)
                0x00000000020027b0                irqInit
 .text.irqEnable
                0x0000000002002800       0x64 /opt/devkitpro/libnds/lib/libnds9.a(interrupts.o)
                0x0000000002002800                irqEnable
 .text.swiDecompressLZSSVram
                0x0000000002002864       0x1c /opt/devkitpro/libnds/lib/libnds9.a(syscalls.o)
                0x0000000002002864                swiDecompressLZSSVram
 .text.systemErrorExit
                0x0000000002002880        0x4 /opt/devkitpro/libnds/lib/libnds9.a(libnds_exit.arm.o)
                0x0000000002002880                systemErrorExit
 .text.__libnds_exit
                0x0000000002002884       0x5c /opt/devkitpro/libnds/lib/libnds9.a(libnds_exit.arm.o)
                0x0000000002002884                __libnds_exit
 .text.fifo_queueBlock
                0x00000000020028e0       0x44 /opt/devkitpro/libnds/lib/libnds9.a(fifosystem.o)
 .text.fifo_waitBlock
                0x0000000002002924       0x80 /opt/devkitpro/libnds/lib/libnds9.a(fifosystem.o)
 .text.fifoInternalSend.part.0
                0x00000000020029a4       0xd4 /opt/devkitpro/libnds/lib/libnds9.a(fifosystem.o)
 .text.fifoInternalSendInterrupt
                0x0000000002002a78       0xa8 /opt/devkitpro/libnds/lib/libnds9.a(fifosystem.o)
 .text.fifoSetValue32Handler
                0x0000000002002b20       0xd8 /opt/devkitpro/libnds/lib/libnds9.a(fifosystem.o)
                0x0000000002002b20                fifoSetValue32Handler
 .text.fifoSendValue32
                0x0000000002002bf8       0x4c /opt/devkitpro/libnds/lib/libnds9.a(fifosystem.o)
                0x0000000002002bf8                fifoSendValue32
 .text.fifoSendDatamsg
                0x0000000002002c44       0x90 /opt/devkitpro/libnds/lib/libnds9.a(fifosystem.o)
                0x0000000002002c44                fifoSendDatamsg
 .text.fifoGetDatamsg
                0x0000000002002cd4       0xf4 /opt/devkitpro/libnds/lib/libnds9.a(fifosystem.o)
                0x0000000002002cd4                fifoGetDatamsg
 .text.fifoInternalRecvInterrupt
                0x0000000002002dc8      0x380 /opt/devkitpro/libnds/lib/libnds9.a(fifosystem.o)
 .text.fifoSetDatamsgHandler
                0x0000000002003148       0x9c /opt/devkitpro/libnds/lib/libnds9.a(fifosystem.o)
                0x0000000002003148                fifoSetDatamsgHandler
 .text.fifoInit
                0x00000000020031e4       0xf8 /opt/devkitpro/libnds/lib/libnds9.a(fifosystem.o)
                0x00000000020031e4                fifoInit
 .text.__libnds_mpu_setup
                0x00000000020032dc      0x174 /opt/devkitpro/libnds/lib/libnds9.a(mpu_setup.o)
                0x00000000020032dc                __libnds_mpu_setup
 .text.memUncached
                0x0000000002003450       0x20 /opt/devkitpro/libnds/lib/libnds9.a(mpu_setup.o)
                0x0000000002003450                memUncached
 .text.swiWaitForVBlank
                0x0000000002003470        0x8 /opt/devkitpro/libnds/lib/libnds9.a(IntrWait.o)
                0x0000000002003470                swiWaitForVBlank
 .text.swiIntrWait
                0x0000000002003478       0x70 /opt/devkitpro/libnds/lib/libnds9.a(IntrWait.o)
                0x0000000002003478                swiIntrWait
 .text.setCpuClock
                0x00000000020034e8       0x50 /opt/devkitpro/libnds/lib/libnds9.a(cpu_clock.o)
                0x00000000020034e8                setCpuClock
 .text.swiSoftReset
                0x0000000002003538       0x2c /opt/devkitpro/libnds/lib/libnds9.a(swiSoftReset.o)
                0x0000000002003538                swiSoftReset
 .text.swiDelay
                0x0000000002003564        0x4 /opt/devkitpro/libnds/lib/libnds9.a(biosCalls.o)
                0x0000000002003564                swiDelay
 .text.swiDecompressLZSSWram
                0x0000000002003568        0x4 /opt/devkitpro/libnds/lib/libnds9.a(biosCalls.o)
                0x0000000002003568                swiDecompressLZSSWram
 .text.swiDecompressLZSSVramNTR
                0x000000000200356c        0x4 /opt/devkitpro/libnds/lib/libnds9.a(biosCalls.o)
                0x000000000200356c                swiDecompressLZSSVramNTR
 .text.swiDecompressLZSSVramTWL
                0x0000000002003570        0x4 /opt/devkitpro/libnds/lib/libnds9.a(biosCalls.o)
                0x0000000002003570                swiDecompressLZSSVramTWL
 .text.swiDecompressHuffman
                0x0000000002003574        0x4 /opt/devkitpro/libnds/lib/libnds9.a(biosCalls.o)
                0x0000000002003574                swiDecompressHuffman
 .text.swiDecompressRLEWram
                0x0000000002003578        0x4 /opt/devkitpro/libnds/lib/libnds9.a(biosCalls.o)
                0x0000000002003578                swiDecompressRLEWram
 .text.swiDecompressRLEVram
                0x000000000200357c        0x4 /opt/devkitpro/libnds/lib/libnds9.a(biosCalls.o)
                0x000000000200357c                swiDecompressRLEVram
 .text.vramDefault
                0x0000000002003580       0xd0 /opt/devkitpro/libnds/lib/libnds9.a(video.o)
                0x0000000002003580                vramDefault
 .text.systemValueHandler
                0x0000000002003650       0x48 /opt/devkitpro/libnds/lib/libnds9.a(system.o)
                0x0000000002003650                systemValueHandler
 .text.systemMsgHandler
                0x0000000002003698       0x60 /opt/devkitpro/libnds/lib/libnds9.a(system.o)
                0x0000000002003698                systemMsgHandler
 .text.powerOn  0x00000000020036f8       0x2c /opt/devkitpro/libnds/lib/libnds9.a(system.o)
                0x00000000020036f8                powerOn
 .text._fclose_r
                0x0000000002003724       0xe8 /opt/devkitpro/devkitARM/bin/../lib/gcc/arm-none-eabi/11.1.0/../../../../arm-none-eabi/lib/thumb/libg.a(lib_a-fclose.o)
                0x0000000002003724                _fclose_r
 .text.fclose   0x000000000200380c       0x14 /opt/devkitpro/devkitARM/bin/../lib/gcc/arm-none-eabi/11.1.0/../../../../arm-none-eabi/lib/thumb/libg.a(lib_a-fclose.o)
                0x000000000200380c                fclose
 .text.__sflush_r
                0x0000000002003820      0x1c0 /opt/devkitpro/devkitARM/bin/../lib/gcc/arm-none-eabi/11.1.0/../../../../arm-none-eabi/lib/thumb/libg.a(lib_a-fflush.o)
                0x0000000002003820                __sflush_r
 .text._fflush_r
                0x00000000020039e0       0x70 /opt/devkitpro/devkitARM/bin/../lib/gcc/arm-none-eabi/11.1.0/../../../../arm-none-eabi/lib/thumb/libg.a(lib_a-fflush.o)
                0x00000000020039e0                _fflush_r
 .text.fflush   0x0000000002003a50       0x2c /opt/devkitpro/devkitARM/bin/../lib/gcc/arm-none-eabi/11.1.0/../../../../arm-none-eabi/lib/thumb/libg.a(lib_a-fflush.o)
                0x0000000002003a50                fflush
 .text._cleanup_r
                0x0000000002003a7c       0x14 /opt/devkitpro/devkitARM/bin/../lib/gcc/arm-none-eabi/11.1.0/../../../../arm-none-eabi/lib/thumb/libg.a(lib_a-findfp.o)
                0x0000000002003a7c                _cleanup_r
 .text.__sinit  0x0000000002003a90      0x124 /opt/devkitpro/devkitARM/bin/../lib/gcc/arm-none-eabi/11.1.0/../../../../arm-none-eabi/lib/thumb/libg.a(lib_a-findfp.o)
                0x0000000002003a90                __sinit
 .text.__sfp    0x0000000002003bb4       0xdc /opt/devkitpro/devkitARM/bin/../lib/gcc/arm-none-eabi/11.1.0/../../../../arm-none-eabi/lib/thumb/libg.a(lib_a-findfp.o)
                0x0000000002003bb4                __sfp
 .text.__sfp_lock_acquire
                0x0000000002003c90       0x14 /opt/devkitpro/devkitARM/bin/../lib/gcc/arm-none-eabi/11.1.0/../../../../arm-none-eabi/lib/thumb/libg.a(lib_a-findfp.o)
                0x0000000002003c90                __sfp_lock_acquire
 .text.__sfp_lock_release
                0x0000000002003ca4       0x14 /opt/devkitpro/devkitARM/bin/../lib/gcc/arm-none-eabi/11.1.0/../../../../arm-none-eabi/lib/thumb/libg.a(lib_a-findfp.o)
                0x0000000002003ca4                __sfp_lock_release
 .text._fopen_r
                0x0000000002003cb8       0xb8 /opt/devkitpro/devkitARM/bin/../lib/gcc/arm-none-eabi/11.1.0/../../../../arm-none-eabi/lib/thumb/libg.a(lib_a-fopen.o)
                0x0000000002003cb8                _fopen_r
 .text.fopen    0x0000000002003d70       0x18 /opt/devkitpro/devkitARM/bin/../lib/gcc/arm-none-eabi/11.1.0/../../../../arm-none-eabi/lib/thumb/libg.a(lib_a-fopen.o)
                0x0000000002003d70                fopen
 .text._fread_r
                0x0000000002003d88      0x1f4 /opt/devkitpro/devkitARM/bin/../lib/gcc/arm-none-eabi/11.1.0/../../../../arm-none-eabi/lib/thumb/libg.a(lib_a-fread.o)
                0x0000000002003d88                _fread_r
 .text.fread    0x0000000002003f7c       0x24 /opt/devkitpro/devkitARM/bin/../lib/gcc/arm-none-eabi/11.1.0/../../../../arm-none-eabi/lib/thumb/libg.a(lib_a-fread.o)
                0x0000000002003f7c                fread
 .text._malloc_trim_r
                0x0000000002003fa0       0xa0 /opt/devkitpro/devkitARM/bin/../lib/gcc/arm-none-eabi/11.1.0/../../../../arm-none-eabi/lib/thumb/libg.a(lib_a-freer.o)
                0x0000000002003fa0                _malloc_trim_r
 .text._free_r  0x0000000002004040      0x1d8 /opt/devkitpro/devkitARM/bin/../lib/gcc/arm-none-eabi/11.1.0/../../../../arm-none-eabi/lib/thumb/libg.a(lib_a-freer.o)
                0x0000000002004040                _free_r
 .text._fseek_r
                0x0000000002004218       0x18 /opt/devkitpro/devkitARM/bin/../lib/gcc/arm-none-eabi/11.1.0/../../../../arm-none-eabi/lib/thumb/libg.a(lib_a-fseek.o)
                0x0000000002004218                _fseek_r
 .text.fseek    0x0000000002004230       0x24 /opt/devkitpro/devkitARM/bin/../lib/gcc/arm-none-eabi/11.1.0/../../../../arm-none-eabi/lib/thumb/libg.a(lib_a-fseek.o)
                0x0000000002004230                fseek
 .text._fseeko_r
                0x0000000002004254      0x41c /opt/devkitpro/devkitARM/bin/../lib/gcc/arm-none-eabi/11.1.0/../../../../arm-none-eabi/lib/thumb/libg.a(lib_a-fseeko.o)
                0x0000000002004254                _fseeko_r
 .text._fwalk   0x0000000002004670       0x48 /opt/devkitpro/devkitARM/bin/../lib/gcc/arm-none-eabi/11.1.0/../../../../arm-none-eabi/lib/thumb/libg.a(lib_a-fwalk.o)
                0x0000000002004670                _fwalk
 .text._fwalk_reent
                0x00000000020046b8       0x50 /opt/devkitpro/devkitARM/bin/../lib/gcc/arm-none-eabi/11.1.0/../../../../arm-none-eabi/lib/thumb/libg.a(lib_a-fwalk.o)
                0x00000000020046b8                _fwalk_reent
 .text.__libc_init_array
                0x0000000002004708       0x50 /opt/devkitpro/devkitARM/bin/../lib/gcc/arm-none-eabi/11.1.0/../../../../arm-none-eabi/lib/thumb/libg.a(lib_a-init.o)
                0x0000000002004708                __libc_init_array
 .text.__smakebuf_r
                0x0000000002004758       0xec /opt/devkitpro/devkitARM/bin/../lib/gcc/arm-none-eabi/11.1.0/../../../../arm-none-eabi/lib/thumb/libg.a(lib_a-makebuf.o)
                0x0000000002004758                __smakebuf_r
 .text.__swhatbuf_r
                0x0000000002004844       0x5c /opt/devkitpro/devkitARM/bin/../lib/gcc/arm-none-eabi/11.1.0/../../../../arm-none-eabi/lib/thumb/libg.a(lib_a-makebuf.o)
                0x0000000002004844                __swhatbuf_r
 .text.malloc   0x00000000020048a0       0x14 /opt/devkitpro/devkitARM/bin/../lib/gcc/arm-none-eabi/11.1.0/../../../../arm-none-eabi/lib/thumb/libg.a(lib_a-malloc.o)
                0x00000000020048a0                malloc
 .text.free     0x00000000020048b4       0x14 /opt/devkitpro/devkitARM/bin/../lib/gcc/arm-none-eabi/11.1.0/../../../../arm-none-eabi/lib/thumb/libg.a(lib_a-malloc.o)
                0x00000000020048b4                free
 .text._malloc_r
                0x00000000020048c8      0x58c /opt/devkitpro/devkitARM/bin/../lib/gcc/arm-none-eabi/11.1.0/../../../../arm-none-eabi/lib/thumb/libg.a(lib_a-mallocr.o)
                0x00000000020048c8                _malloc_r
 .text.memcpy   0x0000000002004e54       0xa8 /opt/devkitpro/devkitARM/bin/../lib/gcc/arm-none-eabi/11.1.0/../../../../arm-none-eabi/lib/thumb/libg.a(lib_a-memcpy-stub.o)
                0x0000000002004e54                memcpy
 .text.memset   0x0000000002004efc       0xb0 /opt/devkitpro/devkitARM/bin/../lib/gcc/arm-none-eabi/11.1.0/../../../../arm-none-eabi/lib/thumb/libg.a(lib_a-memset.o)
                0x0000000002004efc                memset
 .text.__malloc_lock
                0x0000000002004fac       0x14 /opt/devkitpro/devkitARM/bin/../lib/gcc/arm-none-eabi/11.1.0/../../../../arm-none-eabi/lib/thumb/libg.a(lib_a-mlock.o)
                0x0000000002004fac                __malloc_lock
 .text.__malloc_unlock
                0x0000000002004fc0       0x14 /opt/devkitpro/devkitARM/bin/../lib/gcc/arm-none-eabi/11.1.0/../../../../arm-none-eabi/lib/thumb/libg.a(lib_a-mlock.o)
                0x0000000002004fc0                __malloc_unlock
 .text.lflush   0x0000000002004fd4       0x20 /opt/devkitpro/devkitARM/bin/../lib/gcc/arm-none-eabi/11.1.0/../../../../arm-none-eabi/lib/thumb/libg.a(lib_a-refill.o)
 .text.__srefill_r
                0x0000000002004ff4      0x118 /opt/devkitpro/devkitARM/bin/../lib/gcc/arm-none-eabi/11.1.0/../../../../arm-none-eabi/lib/thumb/libg.a(lib_a-refill.o)
                0x0000000002004ff4                __srefill_r
 .text.setvbuf  0x000000000200510c      0x1ac /opt/devkitpro/devkitARM/bin/../lib/gcc/arm-none-eabi/11.1.0/../../../../arm-none-eabi/lib/thumb/libg.a(lib_a-setvbuf.o)
                0x000000000200510c                setvbuf
 .text.siscanf  0x00000000020052b8       0x4c /opt/devkitpro/devkitARM/bin/../lib/gcc/arm-none-eabi/11.1.0/../../../../arm-none-eabi/lib/thumb/libg.a(lib_a-siscanf.o)
                0x00000000020052b8                siscanf
 .text.__sread  0x0000000002005304       0x34 /opt/devkitpro/devkitARM/bin/../lib/gcc/arm-none-eabi/11.1.0/../../../../arm-none-eabi/lib/thumb/libg.a(lib_a-stdio.o)
                0x0000000002005304                __sread
 .text.__seofread
                0x0000000002005338        0x4 /opt/devkitpro/devkitARM/bin/../lib/gcc/arm-none-eabi/11.1.0/../../../../arm-none-eabi/lib/thumb/libg.a(lib_a-stdio.o)
                0x0000000002005338                __seofread
 .text.__swrite
                0x000000000200533c       0x4c /opt/devkitpro/devkitARM/bin/../lib/gcc/arm-none-eabi/11.1.0/../../../../arm-none-eabi/lib/thumb/libg.a(lib_a-stdio.o)
                0x000000000200533c                __swrite
 .text.__sseek  0x0000000002005388       0x40 /opt/devkitpro/devkitARM/bin/../lib/gcc/arm-none-eabi/11.1.0/../../../../arm-none-eabi/lib/thumb/libg.a(lib_a-stdio.o)
                0x0000000002005388                __sseek
 .text.__sclose
                0x00000000020053c8       0x10 /opt/devkitpro/devkitARM/bin/../lib/gcc/arm-none-eabi/11.1.0/../../../../arm-none-eabi/lib/thumb/libg.a(lib_a-stdio.o)
                0x00000000020053c8                __sclose
 .text.strlen   0x00000000020053d8       0x60 /opt/devkitpro/devkitARM/bin/../lib/gcc/arm-none-eabi/11.1.0/../../../../arm-none-eabi/lib/thumb/libg.a(lib_a-strlen-stub.o)
                0x00000000020053d8                strlen
 .text.get_arg  0x0000000002005438       0x32 /opt/devkitpro/devkitARM/bin/../lib/gcc/arm-none-eabi/11.1.0/../../../../arm-none-eabi/lib/thumb/libg.a(lib_a-svfiscanf.o)
 .text._sungetc_r
                0x000000000200546a       0x7e /opt/devkitpro/devkitARM/bin/../lib/gcc/arm-none-eabi/11.1.0/../../../../arm-none-eabi/lib/thumb/libg.a(lib_a-svfiscanf.o)
                0x000000000200546a                _sungetc_r
 .text.__ssrefill_r
                0x00000000020054e8       0x42 /opt/devkitpro/devkitARM/bin/../lib/gcc/arm-none-eabi/11.1.0/../../../../arm-none-eabi/lib/thumb/libg.a(lib_a-svfiscanf.o)
                0x00000000020054e8                __ssrefill_r
 .text._sfread_r
                0x000000000200552a       0x88 /opt/devkitpro/devkitARM/bin/../lib/gcc/arm-none-eabi/11.1.0/../../../../arm-none-eabi/lib/thumb/libg.a(lib_a-svfiscanf.o)
                0x000000000200552a                _sfread_r
 *fill*         0x00000000020055b2        0x2 ff
 .text.__ssvfiscanf_r
                0x00000000020055b4     0x1a04 /opt/devkitpro/devkitARM/bin/../lib/gcc/arm-none-eabi/11.1.0/../../../../arm-none-eabi/lib/thumb/libg.a(lib_a-svfiscanf.o)
                0x00000000020055b4                __ssvfiscanf_r
 .text.__submore
                0x0000000002006fb8       0x88 /opt/devkitpro/devkitARM/bin/../lib/gcc/arm-none-eabi/11.1.0/../../../../arm-none-eabi/lib/thumb/libg.a(lib_a-ungetc.o)
                0x0000000002006fb8                __submore
 .text.__sflags
                0x0000000002007040       0xa4 /opt/devkitpro/devkitARM/bin/../lib/gcc/arm-none-eabi/11.1.0/../../../../arm-none-eabi/lib/thumb/libg.a(lib_a-flags.o)
                0x0000000002007040                __sflags
 .text.iswspace
                0x00000000020070e4       0x10 /opt/devkitpro/devkitARM/bin/../lib/gcc/arm-none-eabi/11.1.0/../../../../arm-none-eabi/lib/thumb/libg.a(lib_a-iswspace.o)
                0x00000000020070e4                iswspace
 .text.__locale_mb_cur_max
                0x00000000020070f4       0x10 /opt/devkitpro/devkitARM/bin/../lib/gcc/arm-none-eabi/11.1.0/../../../../arm-none-eabi/lib/thumb/libg.a(lib_a-locale.o)
                0x00000000020070f4                __locale_mb_cur_max
 .text._mbrtowc_r
                0x0000000002007104       0x60 /opt/devkitpro/devkitARM/bin/../lib/gcc/arm-none-eabi/11.1.0/../../../../arm-none-eabi/lib/thumb/libg.a(lib_a-mbrtowc.o)
                0x0000000002007104                _mbrtowc_r
 .text.__utf8_mbtowc
                0x0000000002007164      0x294 /opt/devkitpro/devkitARM/bin/../lib/gcc/arm-none-eabi/11.1.0/../../../../arm-none-eabi/lib/thumb/libg.a(lib_a-mbtowc_r.o)
                0x0000000002007164                __utf8_mbtowc
 .text.memmove  0x00000000020073f8       0xbc /opt/devkitpro/devkitARM/bin/../lib/gcc/arm-none-eabi/11.1.0/../../../../arm-none-eabi/lib/thumb/libg.a(lib_a-memmove.o)
                0x00000000020073f8                memmove
 .text.realloc  0x00000000020074b4       0x18 /opt/devkitpro/devkitARM/bin/../lib/gcc/arm-none-eabi/11.1.0/../../../../arm-none-eabi/lib/thumb/libg.a(lib_a-realloc.o)
                0x00000000020074b4                realloc
 .text._realloc_r
                0x00000000020074cc      0x380 /opt/devkitpro/devkitARM/bin/../lib/gcc/arm-none-eabi/11.1.0/../../../../arm-none-eabi/lib/thumb/libg.a(lib_a-reallocr.o)
                0x00000000020074cc                _realloc_r
 .text.__sccl   0x000000000200784c       0x90 /opt/devkitpro/devkitARM/bin/../lib/gcc/arm-none-eabi/11.1.0/../../../../arm-none-eabi/lib/thumb/libg.a(lib_a-sccl.o)
                0x000000000200784c                __sccl
 .text.strchr   0x00000000020078dc       0xc8 /opt/devkitpro/devkitARM/bin/../lib/gcc/arm-none-eabi/11.1.0/../../../../arm-none-eabi/lib/thumb/libg.a(lib_a-strchr.o)
                0x00000000020078dc                strchr
 .text._strtoll_l.constprop.0
                0x00000000020079a4      0x1a4 /opt/devkitpro/devkitARM/bin/../lib/gcc/arm-none-eabi/11.1.0/../../../../arm-none-eabi/lib/thumb/libg.a(lib_a-strtoll.o)
 .text._strtoll_r
                0x0000000002007b48        0xc /opt/devkitpro/devkitARM/bin/../lib/gcc/arm-none-eabi/11.1.0/../../../../arm-none-eabi/lib/thumb/libg.a(lib_a-strtoll.o)
                0x0000000002007b48                _strtoll_r
 .text._strtol_l.part.0
                0x0000000002007b54      0x144 /opt/devkitpro/devkitARM/bin/../lib/gcc/arm-none-eabi/11.1.0/../../../../arm-none-eabi/lib/thumb/libg.a(lib_a-strtol.o)
 .text._strtol_r
                0x0000000002007c98       0x20 /opt/devkitpro/devkitARM/bin/../lib/gcc/arm-none-eabi/11.1.0/../../../../arm-none-eabi/lib/thumb/libg.a(lib_a-strtol.o)
                0x0000000002007c98                _strtol_r
 .text._strtoull_l.constprop.0
                0x0000000002007cb8      0x1c0 /opt/devkitpro/devkitARM/bin/../lib/gcc/arm-none-eabi/11.1.0/../../../../arm-none-eabi/lib/thumb/libg.a(lib_a-strtoull.o)
 .text._strtoull_r
                0x0000000002007e78        0xc /opt/devkitpro/devkitARM/bin/../lib/gcc/arm-none-eabi/11.1.0/../../../../arm-none-eabi/lib/thumb/libg.a(lib_a-strtoull.o)
                0x0000000002007e78                _strtoull_r
 .text._strtoul_l.constprop.0
                0x0000000002007e84      0x148 /opt/devkitpro/devkitARM/bin/../lib/gcc/arm-none-eabi/11.1.0/../../../../arm-none-eabi/lib/thumb/libg.a(lib_a-strtoul.o)
 .text._strtoul_r
                0x0000000002007fcc        0xc /opt/devkitpro/devkitARM/bin/../lib/gcc/arm-none-eabi/11.1.0/../../../../arm-none-eabi/lib/thumb/libg.a(lib_a-strtoul.o)
                0x0000000002007fcc                _strtoul_r
 .text.__utf8_wctomb
                0x0000000002007fd8       0xb4 /opt/devkitpro/devkitARM/bin/../lib/gcc/arm-none-eabi/11.1.0/../../../../arm-none-eabi/lib/thumb/libg.a(lib_a-wctomb_r.o)
                0x0000000002007fd8                __utf8_wctomb
 .text.__errno  0x000000000200808c        0xc /opt/devkitpro/devkitARM/bin/../lib/gcc/arm-none-eabi/11.1.0/../../../../arm-none-eabi/lib/thumb/libg.a(lib_a-errno.o)
                0x000000000200808c                __errno
 .text.iswspace_l
                0x0000000002008098       0x2c /opt/devkitpro/devkitARM/bin/../lib/gcc/arm-none-eabi/11.1.0/../../../../arm-none-eabi/lib/thumb/libg.a(lib_a-iswspace_l.o)
                0x0000000002008098                iswspace_l
 .text.__jp2uc  0x00000000020080c4      0x154 /opt/devkitpro/devkitARM/bin/../lib/gcc/arm-none-eabi/11.1.0/../../../../arm-none-eabi/lib/thumb/libg.a(lib_a-jp2uc.o)
 .text._jp2uc_l
                0x0000000002008218       0x6c /opt/devkitpro/devkitARM/bin/../lib/gcc/arm-none-eabi/11.1.0/../../../../arm-none-eabi/lib/thumb/libg.a(lib_a-jp2uc.o)
                0x0000000002008218                _jp2uc_l
 .text.strncmp  0x0000000002008284       0x78 /opt/devkitpro/devkitARM/bin/../lib/gcc/arm-none-eabi/11.1.0/../../../../arm-none-eabi/lib/thumb/libg.a(lib_a-strncmp.o)
                0x0000000002008284                strncmp
 .text.category
                0x00000000020082fc       0x54 /opt/devkitpro/devkitARM/bin/../lib/gcc/arm-none-eabi/11.1.0/../../../../arm-none-eabi/lib/thumb/libg.a(lib_a-categories.o)
                0x00000000020082fc                category
 .text.null_write
                0x0000000002008350        0x4 /opt/devkitpro/devkitARM/bin/../lib/gcc/arm-none-eabi/11.1.0/../../../../arm-none-eabi/lib/thumb/libsysbase.a(iosupport.o)
 .text.FindDevice
                0x0000000002008354       0x98 /opt/devkitpro/devkitARM/bin/../lib/gcc/arm-none-eabi/11.1.0/../../../../arm-none-eabi/lib/thumb/libsysbase.a(iosupport.o)
                0x0000000002008354                FindDevice
 .text._fstat_r
                0x00000000020083ec       0x4c /opt/devkitpro/devkitARM/bin/../lib/gcc/arm-none-eabi/11.1.0/../../../../arm-none-eabi/lib/thumb/libsysbase.a(fstat.o)
                0x00000000020083ec                _fstat_r
 .text._isatty_r
                0x0000000002008438        0x4 /opt/devkitpro/devkitARM/bin/../lib/gcc/arm-none-eabi/11.1.0/../../../../arm-none-eabi/lib/thumb/libsysbase.a(isatty.o)
                0x0000000002008438                _isatty_r
 .text._lseek_r
                0x000000000200843c       0x5c /opt/devkitpro/devkitARM/bin/../lib/gcc/arm-none-eabi/11.1.0/../../../../arm-none-eabi/lib/thumb/libsysbase.a(lseek.o)
                0x000000000200843c                _lseek_r
 .text._open_r  0x0000000002008498       0x9c /opt/devkitpro/devkitARM/bin/../lib/gcc/arm-none-eabi/11.1.0/../../../../arm-none-eabi/lib/thumb/libsysbase.a(open.o)
                0x0000000002008498                _open_r
 .text._read_r  0x0000000002008534       0x50 /opt/devkitpro/devkitARM/bin/../lib/gcc/arm-none-eabi/11.1.0/../../../../arm-none-eabi/lib/thumb/libsysbase.a(read.o)
                0x0000000002008534                _read_r
 .text._sbrk_r  0x0000000002008584       0x54 /opt/devkitpro/devkitARM/bin/../lib/gcc/arm-none-eabi/11.1.0/../../../../arm-none-eabi/lib/thumb/libsysbase.a(sbrk.o)
                0x0000000002008584                _sbrk_r
 .text._write_r
                0x00000000020085d8       0x50 /opt/devkitpro/devkitARM/bin/../lib/gcc/arm-none-eabi/11.1.0/../../../../arm-none-eabi/lib/thumb/libsysbase.a(write.o)
                0x00000000020085d8                _write_r
 .text.build_argv
                0x0000000002008628       0x4c /opt/devkitpro/devkitARM/bin/../lib/gcc/arm-none-eabi/11.1.0/../../../../arm-none-eabi/lib/thumb/libsysbase.a(build_argv.o)
                0x0000000002008628                build_argv
 .text.__flockfile
                0x0000000002008674       0x10 /opt/devkitpro/devkitARM/bin/../lib/gcc/arm-none-eabi/11.1.0/../../../../arm-none-eabi/lib/thumb/libsysbase.a(flock.o)
                0x0000000002008674                __flockfile
 .text.__funlockfile
                0x0000000002008684       0x10 /opt/devkitpro/devkitARM/bin/../lib/gcc/arm-none-eabi/11.1.0/../../../../arm-none-eabi/lib/thumb/libsysbase.a(flock.o)
                0x0000000002008684                __funlockfile
 .text.__libc_lock_acquire
                0x0000000002008694       0x1c /opt/devkitpro/devkitARM/bin/../lib/gcc/arm-none-eabi/11.1.0/../../../../arm-none-eabi/lib/thumb/libsysbase.a(syscall_support.o)
                0x0000000002008694                __libc_lock_acquire
 .text.__libc_lock_release
                0x00000000020086b0       0x1c /opt/devkitpro/devkitARM/bin/../lib/gcc/arm-none-eabi/11.1.0/../../../../arm-none-eabi/lib/thumb/libsysbase.a(syscall_support.o)
                0x00000000020086b0                __libc_lock_release
 .text.__libc_lock_init_recursive
                0x00000000020086cc       0x1c /opt/devkitpro/devkitARM/bin/../lib/gcc/arm-none-eabi/11.1.0/../../../../arm-none-eabi/lib/thumb/libsysbase.a(syscall_support.o)
                0x00000000020086cc                __libc_lock_init_recursive
 .text.__libc_lock_acquire_recursive
                0x00000000020086e8       0x1c /opt/devkitpro/devkitARM/bin/../lib/gcc/arm-none-eabi/11.1.0/../../../../arm-none-eabi/lib/thumb/libsysbase.a(syscall_support.o)
                0x00000000020086e8                __libc_lock_acquire_recursive
 .text.__libc_lock_release_recursive
                0x0000000002008704       0x1c /opt/devkitpro/devkitARM/bin/../lib/gcc/arm-none-eabi/11.1.0/../../../../arm-none-eabi/lib/thumb/libsysbase.a(syscall_support.o)
                0x0000000002008704                __libc_lock_release_recursive
 .text.__libc_lock_close_recursive
                0x0000000002008720       0x1c /opt/devkitpro/devkitARM/bin/../lib/gcc/arm-none-eabi/11.1.0/../../../../arm-none-eabi/lib/thumb/libsysbase.a(syscall_support.o)
                0x0000000002008720                __libc_lock_close_recursive
 .text.__release_handle
                0x000000000200873c       0x68 /opt/devkitpro/devkitARM/bin/../lib/gcc/arm-none-eabi/11.1.0/../../../../arm-none-eabi/lib/thumb/libsysbase.a(handle_manager.o)
                0x000000000200873c                __release_handle
 .text.__alloc_handle
                0x00000000020087a4       0x80 /opt/devkitpro/devkitARM/bin/../lib/gcc/arm-none-eabi/11.1.0/../../../../arm-none-eabi/lib/thumb/libsysbase.a(handle_manager.o)
                0x00000000020087a4                __alloc_handle
 .text.__get_handle
                0x0000000002008824       0x34 /opt/devkitpro/devkitARM/bin/../lib/gcc/arm-none-eabi/11.1.0/../../../../arm-none-eabi/lib/thumb/libsysbase.a(handle_manager.o)
                0x0000000002008824                __get_handle
 .text._close_r
                0x0000000002008858       0xb8 /opt/devkitpro/devkitARM/bin/../lib/gcc/arm-none-eabi/11.1.0/../../../../arm-none-eabi/lib/thumb/libsysbase.a(handle_manager.o)
                0x0000000002008858                _close_r
 .text.__getreent
                0x0000000002008910       0x28 /opt/devkitpro/devkitARM/bin/../lib/gcc/arm-none-eabi/11.1.0/../../../../arm-none-eabi/lib/thumb/libsysbase.a(getreent.o)
                0x0000000002008910                __getreent
 .text.__muldi3
                0x0000000002008938       0x54 /opt/devkitpro/devkitARM/bin/../lib/gcc/arm-none-eabi/11.1.0/thumb/libgcc.a(_muldi3.o)
                0x0000000002008938                __aeabi_lmul
                0x0000000002008938                __muldi3
 .text.__udivmoddi4
                0x000000000200898c      0x19c /opt/devkitpro/devkitARM/bin/../lib/gcc/arm-none-eabi/11.1.0/thumb/libgcc.a(_udivmoddi4.o)
                0x000000000200898c                __udivmoddi4
 .text.__udivmoddi4.__stub
                0x0000000002008b28       0x88 linker stubs
 *(EXCLUDE_FILE(*.twl*) .gnu.warning)
 *(EXCLUDE_FILE(*.twl*) .gnu.linkonce.t*)
 *(.glue_7)
 .glue_7        0x0000000002008bc0        0x0 linker stubs
 *(.glue_7t)
 .glue_7t       0x0000000002008bc0        0x0 linker stubs
                0x0000000002008bc0                . = ALIGN (0x4)

.vfp11_veneer   0x0000000002008bc0        0x0
 .vfp11_veneer  0x0000000002008bc0        0x0 linker stubs

.v4_bx          0x0000000002008bc0        0x0
 .v4_bx         0x0000000002008bc0        0x0 linker stubs

.iplt           0x0000000002008bc0        0x0
 .iplt          0x0000000002008bc0        0x0 /opt/devkitpro/devkitARM/bin/../lib/gcc/arm-none-eabi/11.1.0/../../../../arm-none-eabi/lib/thumb/ds_arm9_crt0.o

.fini           0x0000000002008bc0        0xc
 *(.fini)
 .fini          0x0000000002008bc0        0x4 /opt/devkitpro/devkitARM/bin/../lib/gcc/arm-none-eabi/11.1.0/thumb/crti.o
                0x0000000002008bc0                _fini
 .fini          0x0000000002008bc4        0x8 /opt/devkitpro/devkitARM/bin/../lib/gcc/arm-none-eabi/11.1.0/thumb/crtn.o
                0x0000000002008bcc                __text_end = .

.rodata         0x0000000002008be0   0x27d4d8
 *(EXCLUDE_FILE(*.twl*) .rodata)
 .rodata        0x0000000002008be0     0x2d6c mebious.o
                0x0000000002008be0                mebiousBitmap
 .rodata        0x000000000200b94c     0x38f4 wsfwp.o
                0x000000000200b94c                wsfwpBitmap
 *all.rodata*(*)
 *(EXCLUDE_FILE(*.twl*) .roda)
 *(EXCLUDE_FILE(*.twl*) .rodata.*)
 .rodata.soundbank_bin
                0x000000000200f240   0x26e2e8 soundbank.bin.o
                0x000000000200f240                soundbank_bin
                0x000000000227d528                soundbank_bin_end
 .rodata.con_write.str1.4
                0x000000000227d528       0x30 /opt/devkitpro/libnds/lib/libnds9.a(console.o)
 .rodata.con_write
                0x000000000227d558       0xd4 /opt/devkitpro/libnds/lib/libnds9.a(console.o)
 .rodata.str1.4
                0x000000000227d62c       0x14 /opt/devkitpro/libnds/lib/libnds9.a(console.o)
 .rodata.dotab_stdout
                0x000000000227d640       0x70 /opt/devkitpro/libnds/lib/libnds9.a(console.o)
 .rodata.decompress
                0x000000000227d6b0       0x14 /opt/devkitpro/libnds/lib/libnds9.a(decompress.o)
 .rodata.SIN_LUT
                0x000000000227d6c4      0x102 /opt/devkitpro/libnds/lib/libnds9.a(trig.o)
                0x000000000227d6c4                SIN_LUT
 *fill*         0x000000000227d7c6       0x1a ff
 .rodata.default_font_bin
                0x000000000227d7e0     0x2000 /opt/devkitpro/libnds/lib/libnds9.a(default_font.bin.o)
                0x000000000227d7e0                default_font_bin
                0x000000000227f7e0                default_font_bin_end
 .rodata._global_impure_ptr
                0x000000000227f7e0        0x4 /opt/devkitpro/devkitARM/bin/../lib/gcc/arm-none-eabi/11.1.0/../../../../arm-none-eabi/lib/thumb/libg.a(lib_a-impure.o)
                0x000000000227f7e0                _global_impure_ptr
 .rodata.basefix.0
                0x000000000227f7e4       0x22 /opt/devkitpro/devkitARM/bin/../lib/gcc/arm-none-eabi/11.1.0/../../../../arm-none-eabi/lib/thumb/libg.a(lib_a-svfiscanf.o)
 *fill*         0x000000000227f806        0x2 ff
 .rodata._ctype_
                0x000000000227f808      0x101 /opt/devkitpro/devkitARM/bin/../lib/gcc/arm-none-eabi/11.1.0/../../../../arm-none-eabi/lib/thumb/libg.a(lib_a-ctype_.o)
                0x000000000227f808                _ctype_
 *fill*         0x000000000227f909        0x3 ff
 .rodata.str1.4
                0x000000000227f90c       0x48 /opt/devkitpro/devkitARM/bin/../lib/gcc/arm-none-eabi/11.1.0/../../../../arm-none-eabi/lib/thumb/libg.a(lib_a-locale.o)
                                         0x4c (size before relaxing)
 .rodata._mbrtowc_r.str1.4
                0x000000000227f954        0x1 /opt/devkitpro/devkitARM/bin/../lib/gcc/arm-none-eabi/11.1.0/../../../../arm-none-eabi/lib/thumb/libg.a(lib_a-mbrtowc.o)
 .rodata.__jp2uc
                0x000000000227f954       0x20 /opt/devkitpro/devkitARM/bin/../lib/gcc/arm-none-eabi/11.1.0/../../../../arm-none-eabi/lib/thumb/libg.a(lib_a-jp2uc.o)
 .rodata._jp2uc_l.str1.4
                0x000000000227f974       0x12 /opt/devkitpro/devkitARM/bin/../lib/gcc/arm-none-eabi/11.1.0/../../../../arm-none-eabi/lib/thumb/libg.a(lib_a-jp2uc.o)
 *fill*         0x000000000227f986        0x2 ff
 .rodata.a1     0x000000000227f988       0xbc /opt/devkitpro/devkitARM/bin/../lib/gcc/arm-none-eabi/11.1.0/../../../../arm-none-eabi/lib/thumb/libg.a(lib_a-jp2uc.o)
 .rodata.a2     0x000000000227fa44       0xbc /opt/devkitpro/devkitARM/bin/../lib/gcc/arm-none-eabi/11.1.0/../../../../arm-none-eabi/lib/thumb/libg.a(lib_a-jp2uc.o)
 .rodata.a3     0x000000000227fb00       0x5b /opt/devkitpro/devkitARM/bin/../lib/gcc/arm-none-eabi/11.1.0/../../../../arm-none-eabi/lib/thumb/libg.a(lib_a-jp2uc.o)
 *fill*         0x000000000227fb5b        0x1 ff
 .rodata.a6     0x000000000227fb5c       0x70 /opt/devkitpro/devkitARM/bin/../lib/gcc/arm-none-eabi/11.1.0/../../../../arm-none-eabi/lib/thumb/libg.a(lib_a-jp2uc.o)
 .rodata.a7     0x000000000227fbcc       0xa2 /opt/devkitpro/devkitARM/bin/../lib/gcc/arm-none-eabi/11.1.0/../../../../arm-none-eabi/lib/thumb/libg.a(lib_a-jp2uc.o)
 *fill*         0x000000000227fc6e        0x2 ff
 .rodata.a8     0x000000000227fc70       0x40 /opt/devkitpro/devkitARM/bin/../lib/gcc/arm-none-eabi/11.1.0/../../../../arm-none-eabi/lib/thumb/libg.a(lib_a-jp2uc.o)
 .rodata.b02cf  0x000000000227fcb0     0x172a /opt/devkitpro/devkitARM/bin/../lib/gcc/arm-none-eabi/11.1.0/../../../../arm-none-eabi/lib/thumb/libg.a(lib_a-jp2uc.o)
 *fill*         0x00000000022813da        0x2 ff
 .rodata.d02f4  0x00000000022813dc     0x1a7c /opt/devkitpro/devkitARM/bin/../lib/gcc/arm-none-eabi/11.1.0/../../../../arm-none-eabi/lib/thumb/libg.a(lib_a-jp2uc.o)
 .rodata.categories
                0x0000000002282e58     0x31e6 /opt/devkitpro/devkitARM/bin/../lib/gcc/arm-none-eabi/11.1.0/../../../../arm-none-eabi/lib/thumb/libg.a(lib_a-categories.o)
 *fill*         0x000000000228603e        0x2 ff
 .rodata.AddDevice.str1.4
                0x0000000002286040        0x8 /opt/devkitpro/devkitARM/bin/../lib/gcc/arm-none-eabi/11.1.0/../../../../arm-none-eabi/lib/thumb/libsysbase.a(iosupport.o)
 .rodata.dotab_stdnull
                0x0000000002286048       0x70 /opt/devkitpro/devkitARM/bin/../lib/gcc/arm-none-eabi/11.1.0/../../../../arm-none-eabi/lib/thumb/libsysbase.a(iosupport.o)
                0x0000000002286048                dotab_stdnull
 *(EXCLUDE_FILE(*.twl*) .gnu.linkonce.r*)
                0x00000000022860b8                . = ALIGN (0x4)

.ARM.extab
 *(.ARM.extab* .gnu.linkonce.armextab.*)
                0x00000000022860b8                __exidx_start = .

ARM.exidx
 *(.ARM.exidx* .gnu.linkonce.armexidx.*)
                0x00000000022860b8                __exidx_end = .
                0x00000000022860b8                . = ALIGN (0x4)
                0x00000000022860b8                PROVIDE (__preinit_array_start = .)

.preinit_array
 *(.preinit_array)
                0x00000000022860b8                PROVIDE (__preinit_array_end = .)
                0x00000000022860b8                PROVIDE (__init_array_start = .)

.init_array     0x00000000022860b8        0x4
 *(SORT_BY_NAME(.init_array.*))
 *(.init_array)
 .init_array    0x00000000022860b8        0x4 /opt/devkitpro/devkitARM/bin/../lib/gcc/arm-none-eabi/11.1.0/thumb/crtbegin.o
                0x00000000022860bc                PROVIDE (__init_array_end = .)
                [!provide]                        PROVIDE (__fini_array_start = .)

.fini_array     0x00000000022860bc        0x4
 *(.fini_array)
 .fini_array    0x00000000022860bc        0x4 /opt/devkitpro/devkitARM/bin/../lib/gcc/arm-none-eabi/11.1.0/thumb/crtbegin.o
 *(SORT_BY_NAME(.fini_array.*))
                [!provide]                        PROVIDE (__fini_array_end = .)

.ctors          0x00000000022860c0        0x0
 *crtbegin.o(.ctors)
 *(EXCLUDE_FILE(*crtend.o) .ctors)
 *(SORT_BY_NAME(.ctors.*))
 *(.ctors)
                0x00000000022860c0                . = ALIGN (0x4)

.dtors          0x00000000022860c0        0x0
 *crtbegin.o(.dtors)
 *(EXCLUDE_FILE(*crtend.o) .dtors)
 *(SORT_BY_NAME(.dtors.*))
 *(.dtors)
                0x00000000022860c0                . = ALIGN (0x4)

.eh_frame       0x00000000022860c0        0x4
 *(.eh_frame)
 .eh_frame      0x00000000022860c0        0x0 /opt/devkitpro/devkitARM/bin/../lib/gcc/arm-none-eabi/11.1.0/thumb/crtbegin.o
 .eh_frame      0x00000000022860c0        0x4 /opt/devkitpro/devkitARM/bin/../lib/gcc/arm-none-eabi/11.1.0/thumb/crtend.o
                0x00000000022860c4                . = ALIGN (0x4)

.rel.dyn        0x00000000022860c4        0x0
 .rel.iplt      0x00000000022860c4        0x0 /opt/devkitpro/devkitARM/bin/../lib/gcc/arm-none-eabi/11.1.0/../../../../arm-none-eabi/lib/thumb/ds_arm9_crt0.o

.gcc_except_table
                0x00000000022860c4        0x0
 *(.gcc_except_table)
                0x00000000022860c4                . = ALIGN (0x4)

.jcr
 *(.jcr)

.got
 *(.got.plt)
 *(.got)
 *(.rel.got)

.ewram          0x00000000022860c4        0x0
                0x00000000022860c4                __ewram_start = ABSOLUTE (.)
 *(.ewram)
 *ewram.*(.text)
                0x00000000022860c4                . = ALIGN (0x4)

.data           0x00000000022860c4     0x1bd4
                0x00000000022860c4                __data_start = ABSOLUTE (.)
 *(EXCLUDE_FILE(*.twl*) .data)
 .data          0x00000000022860c4        0xc template.o
                0x00000000022860c4                samples
 .data          0x00000000022860d0       0x28 /opt/devkitpro/libnds/lib/libnds9.a(mpu_setup.o)
 *(EXCLUDE_FILE(*.twl*) .data.*)
 .data.bgControl
                0x00000000022860f8       0x20 /opt/devkitpro/libnds/lib/libnds9.a(background.o)
                0x00000000022860f8                bgControl
 .data.bgScrollTable
                0x0000000002286118       0x20 /opt/devkitpro/libnds/lib/libnds9.a(background.o)
                0x0000000002286118                bgScrollTable
 .data.bgTransform
                0x0000000002286138       0x20 /opt/devkitpro/libnds/lib/libnds9.a(background.o)
                0x0000000002286138                bgTransform
 .data.currentConsole
                0x0000000002286158        0x4 /opt/devkitpro/libnds/lib/libnds9.a(console.o)
                0x0000000002286158                currentConsole
 .data.defaultConsole
                0x000000000228615c       0x5c /opt/devkitpro/libnds/lib/libnds9.a(console.o)
                0x000000000228615c                defaultConsole
 .data.firstConsoleInit.0
                0x00000000022861b8        0x1 /opt/devkitpro/libnds/lib/libnds9.a(console.o)
 *fill*         0x00000000022861b9        0x3 ff
 .data.decomStream
                0x00000000022861bc        0xc /opt/devkitpro/libnds/lib/libnds9.a(decompress.o)
                0x00000000022861bc                decomStream
 .data.count    0x00000000022861c8        0x1 /opt/devkitpro/libnds/lib/libnds9.a(keys.o)
 .data.delay    0x00000000022861c9        0x1 /opt/devkitpro/libnds/lib/libnds9.a(keys.o)
 .data.repeat   0x00000000022861ca        0x1 /opt/devkitpro/libnds/lib/libnds9.a(keys.o)
 *fill*         0x00000000022861cb        0x1 ff
 .data.fifo_buffer_free
                0x00000000022861cc        0x4 /opt/devkitpro/libnds/lib/libnds9.a(fifosystem.o)
                0x00000000022861cc                fifo_buffer_free
 .data.fifo_freewords
                0x00000000022861d0        0x4 /opt/devkitpro/libnds/lib/libnds9.a(fifosystem.o)
                0x00000000022861d0                fifo_freewords
 .data.fifo_receive_queue
                0x00000000022861d4        0x4 /opt/devkitpro/libnds/lib/libnds9.a(fifosystem.o)
                0x00000000022861d4                fifo_receive_queue
 .data.fifo_send_queue
                0x00000000022861d8        0x4 /opt/devkitpro/libnds/lib/libnds9.a(fifosystem.o)
                0x00000000022861d8                fifo_send_queue
 .data.__sfp_recursive_mutex
                0x00000000022861dc        0xc /opt/devkitpro/devkitARM/bin/../lib/gcc/arm-none-eabi/11.1.0/../../../../arm-none-eabi/lib/thumb/libg.a(lib_a-findfp.o)
 .data.__sinit_recursive_mutex
                0x00000000022861e8        0xc /opt/devkitpro/devkitARM/bin/../lib/gcc/arm-none-eabi/11.1.0/../../../../arm-none-eabi/lib/thumb/libg.a(lib_a-findfp.o)
 .data._impure_ptr
                0x00000000022861f4        0x4 /opt/devkitpro/devkitARM/bin/../lib/gcc/arm-none-eabi/11.1.0/../../../../arm-none-eabi/lib/thumb/libg.a(lib_a-impure.o)
                0x00000000022861f4                _impure_ptr
 .data.impure_data
                0x00000000022861f8      0x460 /opt/devkitpro/devkitARM/bin/../lib/gcc/arm-none-eabi/11.1.0/../../../../arm-none-eabi/lib/thumb/libg.a(lib_a-impure.o)
 .data.__malloc_av_
                0x0000000002286658      0x408 /opt/devkitpro/devkitARM/bin/../lib/gcc/arm-none-eabi/11.1.0/../../../../arm-none-eabi/lib/thumb/libg.a(lib_a-mallocr.o)
                0x0000000002286658                __malloc_av_
 .data.__malloc_sbrk_base
                0x0000000002286a60        0x4 /opt/devkitpro/devkitARM/bin/../lib/gcc/arm-none-eabi/11.1.0/../../../../arm-none-eabi/lib/thumb/libg.a(lib_a-mallocr.o)
                0x0000000002286a60                __malloc_sbrk_base
 .data.__malloc_trim_threshold
                0x0000000002286a64        0x4 /opt/devkitpro/devkitARM/bin/../lib/gcc/arm-none-eabi/11.1.0/../../../../arm-none-eabi/lib/thumb/libg.a(lib_a-mallocr.o)
                0x0000000002286a64                __malloc_trim_threshold
 .data.__malloc_recursive_mutex
                0x0000000002286a68        0xc /opt/devkitpro/devkitARM/bin/../lib/gcc/arm-none-eabi/11.1.0/../../../../arm-none-eabi/lib/thumb/libg.a(lib_a-mlock.o)
 .data.__global_locale
                0x0000000002286a74      0x16c /opt/devkitpro/devkitARM/bin/../lib/gcc/arm-none-eabi/11.1.0/../../../../arm-none-eabi/lib/thumb/libg.a(lib_a-locale.o)
                0x0000000002286a74                __global_locale
 .data.defaultDevice
                0x0000000002286be0        0x4 /opt/devkitpro/devkitARM/bin/../lib/gcc/arm-none-eabi/11.1.0/../../../../arm-none-eabi/lib/thumb/libsysbase.a(iosupport.o)
 .data.devoptab_list
                0x0000000002286be4       0x8c /opt/devkitpro/devkitARM/bin/../lib/gcc/arm-none-eabi/11.1.0/../../../../arm-none-eabi/lib/thumb/libsysbase.a(iosupport.o)
                0x0000000002286be4                devoptab_list
 .data.__hndl_lock
                0x0000000002286c70        0x4 /opt/devkitpro/devkitARM/bin/../lib/gcc/arm-none-eabi/11.1.0/../../../../arm-none-eabi/lib/thumb/libsysbase.a(handle_manager.o)
 .data.__stderr_handle
                0x0000000002286c74        0xc /opt/devkitpro/devkitARM/bin/../lib/gcc/arm-none-eabi/11.1.0/../../../../arm-none-eabi/lib/thumb/libsysbase.a(handle_manager.o)
 .data.__stdin_handle
                0x0000000002286c80        0xc /opt/devkitpro/devkitARM/bin/../lib/gcc/arm-none-eabi/11.1.0/../../../../arm-none-eabi/lib/thumb/libsysbase.a(handle_manager.o)
 .data.__stdout_handle
                0x0000000002286c8c        0xc /opt/devkitpro/devkitARM/bin/../lib/gcc/arm-none-eabi/11.1.0/../../../../arm-none-eabi/lib/thumb/libsysbase.a(handle_manager.o)
 .data.handles  0x0000000002286c98     0x1000 /opt/devkitpro/devkitARM/bin/../lib/gcc/arm-none-eabi/11.1.0/../../../../arm-none-eabi/lib/thumb/libsysbase.a(handle_manager.o)
 *(EXCLUDE_FILE(*.twl*) .gnu.linkonce.d*)
                0x0000000002287c98                . = ALIGN (0x4)
                0x0000000002287c98                __data_end = ABSOLUTE (.)
                0x0000000002287c98                __bss_vma = .

.igot.plt       0x0000000002287c98        0x0
 .igot.plt      0x0000000002287c98        0x0 /opt/devkitpro/devkitARM/bin/../lib/gcc/arm-none-eabi/11.1.0/../../../../arm-none-eabi/lib/thumb/ds_arm9_crt0.o

.dtcm           0x0000000002ff0000        0x0 load address 0x0000000002287c98
                0x0000000002287c98                __dtcm_lma = LOADADDR (.dtcm)
                0x0000000002ff0000                __dtcm_start = ABSOLUTE (.)
 *(.dtcm)
 *(.dtcm.*)
                0x0000000002ff0000                . = ALIGN (0x4)
                0x0000000002ff0000                __dtcm_end = ABSOLUTE (.)

.itcm           0x0000000001000100      0x194 load address 0x0000000002287c98
                0x0000000002287c98                __itcm_lma = LOADADDR (.itcm)
                0x0000000001000100                __itcm_start = ABSOLUTE (.)
 *(.itcm)
 .itcm          0x0000000001000100       0xc8 /opt/devkitpro/libnds/lib/libnds9.a(interrupts.o)
                0x0000000001000100                irqTable
 .itcm          0x00000000010001c8       0xcc /opt/devkitpro/libnds/lib/libnds9.a(interruptDispatcher.o)
                0x00000000010001c8                IntrMain
 *.itcm*(.text .stub .text.*)
                0x0000000001000294                . = ALIGN (0x4)
                0x0000000001000294                __itcm_end = ABSOLUTE (.)

.vectors        0x0000000001000000        0x0 load address 0x0000000002287e2c
                0x0000000002287e2c                __vectors_lma = LOADADDR (.vectors)
                0x0000000001000000                __vectors_start = ABSOLUTE (.)
 *(.vectors .vectors.*)
                0x0000000001000000                . = ALIGN (0x4)
                0x0000000001000000                __vectors_end = ABSOLUTE (.)

.sbss           0x0000000002ff0000        0x0
                0x0000000002ff0000                __sbss_start = ABSOLUTE (.)
                0x0000000002ff0000                __sbss_start__ = ABSOLUTE (.)
 *(.sbss)
                0x0000000002ff0000                . = ALIGN (0x4)
                0x0000000002ff0000                __sbss_end = ABSOLUTE (.)

.bss            0x0000000002287c98      0xd14
                0x0000000002287c98                __bss_start = ABSOLUTE (.)
                0x0000000002287c98                __bss_start__ = ABSOLUTE (.)
 *(EXCLUDE_FILE(*.twl*) .dynbss)
 *(EXCLUDE_FILE(*.twl*) .gnu.linkonce.b*)
 *(EXCLUDE_FILE(*.twl*) .bss*)
 .bss.completed.1
                0x0000000002287c98        0x1 /opt/devkitpro/devkitARM/bin/../lib/gcc/arm-none-eabi/11.1.0/thumb/crtbegin.o
 *fill*         0x0000000002287c99        0x3 
 .bss.object.0  0x0000000002287c9c       0x18 /opt/devkitpro/devkitARM/bin/../lib/gcc/arm-none-eabi/11.1.0/thumb/crtbegin.o
 .bss.bgIsTextLut
                0x0000000002287cb4        0x8 /opt/devkitpro/libnds/lib/libnds9.a(background.o)
                0x0000000002287cb4                bgIsTextLut
 .bss.bgState   0x0000000002287cbc      0x140 /opt/devkitpro/libnds/lib/libnds9.a(background.o)
                0x0000000002287cbc                bgState
 .bss.currentCopy
                0x0000000002287dfc       0x5c /opt/devkitpro/libnds/lib/libnds9.a(console.o)
                0x0000000002287dfc                currentCopy
 .bss.keys      0x0000000002287e58        0x2 /opt/devkitpro/libnds/lib/libnds9.a(keys.o)
 .bss.keysold   0x0000000002287e5a        0x2 /opt/devkitpro/libnds/lib/libnds9.a(keys.o)
 .bss.keysrepeat
                0x0000000002287e5c        0x2 /opt/devkitpro/libnds/lib/libnds9.a(keys.o)
 .bss.__dsimode
                0x0000000002287e5e        0x1 /opt/devkitpro/libnds/lib/libnds9.a(initSystem.o)
                0x0000000002287e5e                __dsimode
 *fill*         0x0000000002287e5f        0x1 
 .bss.punixTime
                0x0000000002287e60        0x4 /opt/devkitpro/libnds/lib/libnds9.a(timeSupport.o)
                0x0000000002287e60                punixTime
 .bss.fifo_address_data
                0x0000000002287e64       0x40 /opt/devkitpro/libnds/lib/libnds9.a(fifosystem.o)
                0x0000000002287e64                fifo_address_data
 .bss.fifo_address_func
                0x0000000002287ea4       0x40 /opt/devkitpro/libnds/lib/libnds9.a(fifosystem.o)
                0x0000000002287ea4                fifo_address_func
 .bss.fifo_address_queue
                0x0000000002287ee4       0x40 /opt/devkitpro/libnds/lib/libnds9.a(fifosystem.o)
                0x0000000002287ee4                fifo_address_queue
 .bss.fifo_buffer
                0x0000000002287f24      0x800 /opt/devkitpro/libnds/lib/libnds9.a(fifosystem.o)
                0x0000000002287f24                fifo_buffer
 .bss.fifo_data_queue
                0x0000000002288724       0x40 /opt/devkitpro/libnds/lib/libnds9.a(fifosystem.o)
                0x0000000002288724                fifo_data_queue
 .bss.fifo_datamsg_data
                0x0000000002288764       0x40 /opt/devkitpro/libnds/lib/libnds9.a(fifosystem.o)
                0x0000000002288764                fifo_datamsg_data
 .bss.fifo_datamsg_func
                0x00000000022887a4       0x40 /opt/devkitpro/libnds/lib/libnds9.a(fifosystem.o)
                0x00000000022887a4                fifo_datamsg_func
 .bss.fifo_value32_data
                0x00000000022887e4       0x40 /opt/devkitpro/libnds/lib/libnds9.a(fifosystem.o)
                0x00000000022887e4                fifo_value32_data
 .bss.fifo_value32_func
                0x0000000002288824       0x40 /opt/devkitpro/libnds/lib/libnds9.a(fifosystem.o)
                0x0000000002288824                fifo_value32_func
 .bss.fifo_value32_queue
                0x0000000002288864       0x40 /opt/devkitpro/libnds/lib/libnds9.a(fifosystem.o)
                0x0000000002288864                fifo_value32_queue
 .bss.processing
                0x00000000022888a4        0x4 /opt/devkitpro/libnds/lib/libnds9.a(fifosystem.o)
                0x00000000022888a4                processing
 .bss.SDcallback
                0x00000000022888a8        0x4 /opt/devkitpro/libnds/lib/libnds9.a(system.o)
 .bss           0x00000000022888ac       0x18 /opt/devkitpro/libnds/lib/libmm9.a(mm_comms.o)
 .bss           0x00000000022888c4       0x19 /opt/devkitpro/libnds/lib/libmm9.a(mm_main9.o)
                0x00000000022888c4                mmcbMemory
                0x00000000022888c8                mmModuleCount
                0x00000000022888cc                mmSampleCount
                0x00000000022888d0                mmModuleBank
                0x00000000022888d0                mmMemoryBank
                0x00000000022888d4                mmSampleBank
                0x00000000022888d8                mmCallback
                0x00000000022888dc                mmActiveStatus
 *fill*         0x00000000022888dd        0x3 
 .bss           0x00000000022888e0       0x44 /opt/devkitpro/libnds/lib/libmm9.a(mm_soundbank.o)
 .bss.__malloc_current_mallinfo
                0x0000000002288924       0x28 /opt/devkitpro/devkitARM/bin/../lib/gcc/arm-none-eabi/11.1.0/../../../../arm-none-eabi/lib/thumb/libg.a(lib_a-mallocr.o)
                0x0000000002288924                __malloc_current_mallinfo
 .bss.__malloc_max_sbrked_mem
                0x000000000228894c        0x4 /opt/devkitpro/devkitARM/bin/../lib/gcc/arm-none-eabi/11.1.0/../../../../arm-none-eabi/lib/thumb/libg.a(lib_a-mallocr.o)
                0x000000000228894c                __malloc_max_sbrked_mem
 .bss.__malloc_max_total_mem
                0x0000000002288950        0x4 /opt/devkitpro/devkitARM/bin/../lib/gcc/arm-none-eabi/11.1.0/../../../../arm-none-eabi/lib/thumb/libg.a(lib_a-mallocr.o)
                0x0000000002288950                __malloc_max_total_mem
 .bss.__malloc_top_pad
                0x0000000002288954        0x4 /opt/devkitpro/devkitARM/bin/../lib/gcc/arm-none-eabi/11.1.0/../../../../arm-none-eabi/lib/thumb/libg.a(lib_a-mallocr.o)
                0x0000000002288954                __malloc_top_pad
 .bss.heap_start.0
                0x0000000002288958        0x4 /opt/devkitpro/devkitARM/bin/../lib/gcc/arm-none-eabi/11.1.0/../../../../arm-none-eabi/lib/thumb/libsysbase.a(sbrk.o)
 .bss.fake_heap_end
                0x000000000228895c        0x4 /opt/devkitpro/devkitARM/bin/../lib/gcc/arm-none-eabi/11.1.0/../../../../arm-none-eabi/lib/thumb/libsysbase.a(malloc_vars.o)
                0x000000000228895c                fake_heap_end
 .bss.fake_heap_start
                0x0000000002288960        0x4 /opt/devkitpro/devkitARM/bin/../lib/gcc/arm-none-eabi/11.1.0/../../../../arm-none-eabi/lib/thumb/libsysbase.a(malloc_vars.o)
                0x0000000002288960                fake_heap_start
 .bss.__syscalls
                0x0000000002288964       0x48 /opt/devkitpro/devkitARM/bin/../lib/gcc/arm-none-eabi/11.1.0/../../../../arm-none-eabi/lib/thumb/libsysbase.a(syscall_support.o)
                0x0000000002288964                __syscalls
 *(EXCLUDE_FILE(*.twl*) COMMON)
                0x00000000022889ac                . = ALIGN (0x4)
                0x00000000022889ac                __bss_end__ = ABSOLUTE (.)
                0x00000000022889ac                __end__ = ABSOLUTE (.)

.twl            0x00000000022889ac        0x0 load address 0x0000000002400000
                0x0000000002400000                __arm9i_lma__ = LOADADDR (.twl)
                0x00000000022889ac                __arm9i_start__ = ABSOLUTE (.)
 *(.twl)
 *.twl*(.text .stub .text.* .gnu.linkonce.t.*)
 *.twl*(.rodata)
 *.twl*(.roda)
 *.twl*(.rodata.*)
 *.twl*(.data)
 *.twl*(.data.*)
 *.twl*(.gnu.linkonce.d*)
                0x00000000022889ac                __arm9i_end__ = ABSOLUTE (.)

.twl_bss        0x00000000022889ac        0x0
                0x00000000022889ac                __twl_bss_start__ = ABSOLUTE (.)
 *(.twl_bss)
 *.twl*(.dynbss)
 *.twl*(.gnu.linkonce.b*)
 *.twl*(.bss*)
 *.twl*(COMMON)
                0x00000000022889ac                . = ALIGN (0x4)
                0x00000000022889ac                __twl_bss_end__ = ABSOLUTE (.)
                0x00000000022889ac                __twl_end__ = ABSOLUTE (.)

.stab
 *(.stab)

.stabstr
 *(.stabstr)

.stab.excl
 *(.stab.excl)

.stab.exclstr
 *(.stab.exclstr)

.stab.index
 *(.stab.index)

.stab.indexstr
 *(.stab.indexstr)

.comment        0x0000000000000000       0x46
 *(.comment)
 .comment       0x0000000000000000       0x23 /opt/devkitpro/devkitARM/bin/../lib/gcc/arm-none-eabi/11.1.0/thumb/crtbegin.o
                                         0x24 (size before relaxing)
 .comment       0x0000000000000023       0x24 template.o
 .comment       0x0000000000000023       0x23 /opt/devkitpro/libnds/lib/libnds9.a(background.o)
                                         0x24 (size before relaxing)
 .comment       0x0000000000000046       0x24 /opt/devkitpro/libnds/lib/libnds9.a(console.o)
 .comment       0x0000000000000046       0x24 /opt/devkitpro/libnds/lib/libnds9.a(decompress.o)
 .comment       0x0000000000000046       0x24 /opt/devkitpro/libnds/lib/libnds9.a(trig.o)
 .comment       0x0000000000000046       0x24 /opt/devkitpro/libnds/lib/libnds9.a(keys.o)
 .comment       0x0000000000000046       0x24 /opt/devkitpro/libnds/lib/libnds9.a(initSystem.o)
 .comment       0x0000000000000046       0x24 /opt/devkitpro/libnds/lib/libnds9.a(timeSupport.o)
 .comment       0x0000000000000046       0x24 /opt/devkitpro/libnds/lib/libnds9.a(securearea.o)
 .comment       0x0000000000000046       0x24 /opt/devkitpro/libnds/lib/libnds9.a(interrupts.o)
 .comment       0x0000000000000046       0x24 /opt/devkitpro/libnds/lib/libnds9.a(syscalls.o)
 .comment       0x0000000000000046       0x24 /opt/devkitpro/libnds/lib/libnds9.a(libnds_exit.arm.o)
 .comment       0x0000000000000046       0x24 /opt/devkitpro/libnds/lib/libnds9.a(fifosystem.o)
 .comment       0x0000000000000046       0x24 /opt/devkitpro/libnds/lib/libnds9.a(video.o)
 .comment       0x0000000000000046       0x24 /opt/devkitpro/libnds/lib/libnds9.a(system.o)
 .comment       0x0000000000000046       0x24 /opt/devkitpro/devkitARM/bin/../lib/gcc/arm-none-eabi/11.1.0/../../../../arm-none-eabi/lib/thumb/libg.a(lib_a-fclose.o)
 .comment       0x0000000000000046       0x24 /opt/devkitpro/devkitARM/bin/../lib/gcc/arm-none-eabi/11.1.0/../../../../arm-none-eabi/lib/thumb/libg.a(lib_a-fflush.o)
 .comment       0x0000000000000046       0x24 /opt/devkitpro/devkitARM/bin/../lib/gcc/arm-none-eabi/11.1.0/../../../../arm-none-eabi/lib/thumb/libg.a(lib_a-findfp.o)
 .comment       0x0000000000000046       0x24 /opt/devkitpro/devkitARM/bin/../lib/gcc/arm-none-eabi/11.1.0/../../../../arm-none-eabi/lib/thumb/libg.a(lib_a-fopen.o)
 .comment       0x0000000000000046       0x24 /opt/devkitpro/devkitARM/bin/../lib/gcc/arm-none-eabi/11.1.0/../../../../arm-none-eabi/lib/thumb/libg.a(lib_a-fread.o)
 .comment       0x0000000000000046       0x24 /opt/devkitpro/devkitARM/bin/../lib/gcc/arm-none-eabi/11.1.0/../../../../arm-none-eabi/lib/thumb/libg.a(lib_a-freer.o)
 .comment       0x0000000000000046       0x24 /opt/devkitpro/devkitARM/bin/../lib/gcc/arm-none-eabi/11.1.0/../../../../arm-none-eabi/lib/thumb/libg.a(lib_a-fseek.o)
 .comment       0x0000000000000046       0x24 /opt/devkitpro/devkitARM/bin/../lib/gcc/arm-none-eabi/11.1.0/../../../../arm-none-eabi/lib/thumb/libg.a(lib_a-fseeko.o)
 .comment       0x0000000000000046       0x24 /opt/devkitpro/devkitARM/bin/../lib/gcc/arm-none-eabi/11.1.0/../../../../arm-none-eabi/lib/thumb/libg.a(lib_a-fwalk.o)
 .comment       0x0000000000000046       0x24 /opt/devkitpro/devkitARM/bin/../lib/gcc/arm-none-eabi/11.1.0/../../../../arm-none-eabi/lib/thumb/libg.a(lib_a-impure.o)
 .comment       0x0000000000000046       0x24 /opt/devkitpro/devkitARM/bin/../lib/gcc/arm-none-eabi/11.1.0/../../../../arm-none-eabi/lib/thumb/libg.a(lib_a-init.o)
 .comment       0x0000000000000046       0x24 /opt/devkitpro/devkitARM/bin/../lib/gcc/arm-none-eabi/11.1.0/../../../../arm-none-eabi/lib/thumb/libg.a(lib_a-makebuf.o)
 .comment       0x0000000000000046       0x24 /opt/devkitpro/devkitARM/bin/../lib/gcc/arm-none-eabi/11.1.0/../../../../arm-none-eabi/lib/thumb/libg.a(lib_a-malloc.o)
 .comment       0x0000000000000046       0x24 /opt/devkitpro/devkitARM/bin/../lib/gcc/arm-none-eabi/11.1.0/../../../../arm-none-eabi/lib/thumb/libg.a(lib_a-mallocr.o)
 .comment       0x0000000000000046       0x24 /opt/devkitpro/devkitARM/bin/../lib/gcc/arm-none-eabi/11.1.0/../../../../arm-none-eabi/lib/thumb/libg.a(lib_a-memcpy-stub.o)
 .comment       0x0000000000000046       0x24 /opt/devkitpro/devkitARM/bin/../lib/gcc/arm-none-eabi/11.1.0/../../../../arm-none-eabi/lib/thumb/libg.a(lib_a-memset.o)
 .comment       0x0000000000000046       0x24 /opt/devkitpro/devkitARM/bin/../lib/gcc/arm-none-eabi/11.1.0/../../../../arm-none-eabi/lib/thumb/libg.a(lib_a-mlock.o)
 .comment       0x0000000000000046       0x24 /opt/devkitpro/devkitARM/bin/../lib/gcc/arm-none-eabi/11.1.0/../../../../arm-none-eabi/lib/thumb/libg.a(lib_a-refill.o)
 .comment       0x0000000000000046       0x24 /opt/devkitpro/devkitARM/bin/../lib/gcc/arm-none-eabi/11.1.0/../../../../arm-none-eabi/lib/thumb/libg.a(lib_a-setvbuf.o)
 .comment       0x0000000000000046       0x24 /opt/devkitpro/devkitARM/bin/../lib/gcc/arm-none-eabi/11.1.0/../../../../arm-none-eabi/lib/thumb/libg.a(lib_a-siscanf.o)
 .comment       0x0000000000000046       0x24 /opt/devkitpro/devkitARM/bin/../lib/gcc/arm-none-eabi/11.1.0/../../../../arm-none-eabi/lib/thumb/libg.a(lib_a-stdio.o)
 .comment       0x0000000000000046       0x24 /opt/devkitpro/devkitARM/bin/../lib/gcc/arm-none-eabi/11.1.0/../../../../arm-none-eabi/lib/thumb/libg.a(lib_a-strlen-stub.o)
 .comment       0x0000000000000046       0x24 /opt/devkitpro/devkitARM/bin/../lib/gcc/arm-none-eabi/11.1.0/../../../../arm-none-eabi/lib/thumb/libg.a(lib_a-svfiscanf.o)
 .comment       0x0000000000000046       0x24 /opt/devkitpro/devkitARM/bin/../lib/gcc/arm-none-eabi/11.1.0/../../../../arm-none-eabi/lib/thumb/libg.a(lib_a-ungetc.o)
 .comment       0x0000000000000046       0x24 /opt/devkitpro/devkitARM/bin/../lib/gcc/arm-none-eabi/11.1.0/../../../../arm-none-eabi/lib/thumb/libg.a(lib_a-ctype_.o)
 .comment       0x0000000000000046       0x24 /opt/devkitpro/devkitARM/bin/../lib/gcc/arm-none-eabi/11.1.0/../../../../arm-none-eabi/lib/thumb/libg.a(lib_a-flags.o)
 .comment       0x0000000000000046       0x24 /opt/devkitpro/devkitARM/bin/../lib/gcc/arm-none-eabi/11.1.0/../../../../arm-none-eabi/lib/thumb/libg.a(lib_a-iswspace.o)
 .comment       0x0000000000000046       0x24 /opt/devkitpro/devkitARM/bin/../lib/gcc/arm-none-eabi/11.1.0/../../../../arm-none-eabi/lib/thumb/libg.a(lib_a-locale.o)
 .comment       0x0000000000000046       0x24 /opt/devkitpro/devkitARM/bin/../lib/gcc/arm-none-eabi/11.1.0/../../../../arm-none-eabi/lib/thumb/libg.a(lib_a-mbrtowc.o)
 .comment       0x0000000000000046       0x24 /opt/devkitpro/devkitARM/bin/../lib/gcc/arm-none-eabi/11.1.0/../../../../arm-none-eabi/lib/thumb/libg.a(lib_a-mbtowc_r.o)
 .comment       0x0000000000000046       0x24 /opt/devkitpro/devkitARM/bin/../lib/gcc/arm-none-eabi/11.1.0/../../../../arm-none-eabi/lib/thumb/libg.a(lib_a-memmove.o)
 .comment       0x0000000000000046       0x24 /opt/devkitpro/devkitARM/bin/../lib/gcc/arm-none-eabi/11.1.0/../../../../arm-none-eabi/lib/thumb/libg.a(lib_a-realloc.o)
 .comment       0x0000000000000046       0x24 /opt/devkitpro/devkitARM/bin/../lib/gcc/arm-none-eabi/11.1.0/../../../../arm-none-eabi/lib/thumb/libg.a(lib_a-reallocr.o)
 .comment       0x0000000000000046       0x24 /opt/devkitpro/devkitARM/bin/../lib/gcc/arm-none-eabi/11.1.0/../../../../arm-none-eabi/lib/thumb/libg.a(lib_a-sccl.o)
 .comment       0x0000000000000046       0x24 /opt/devkitpro/devkitARM/bin/../lib/gcc/arm-none-eabi/11.1.0/../../../../arm-none-eabi/lib/thumb/libg.a(lib_a-strchr.o)
 .comment       0x0000000000000046       0x24 /opt/devkitpro/devkitARM/bin/../lib/gcc/arm-none-eabi/11.1.0/../../../../arm-none-eabi/lib/thumb/libg.a(lib_a-strtoll.o)
 .comment       0x0000000000000046       0x24 /opt/devkitpro/devkitARM/bin/../lib/gcc/arm-none-eabi/11.1.0/../../../../arm-none-eabi/lib/thumb/libg.a(lib_a-strtol.o)
 .comment       0x0000000000000046       0x24 /opt/devkitpro/devkitARM/bin/../lib/gcc/arm-none-eabi/11.1.0/../../../../arm-none-eabi/lib/thumb/libg.a(lib_a-strtoull.o)
 .comment       0x0000000000000046       0x24 /opt/devkitpro/devkitARM/bin/../lib/gcc/arm-none-eabi/11.1.0/../../../../arm-none-eabi/lib/thumb/libg.a(lib_a-strtoul.o)
 .comment       0x0000000000000046       0x24 /opt/devkitpro/devkitARM/bin/../lib/gcc/arm-none-eabi/11.1.0/../../../../arm-none-eabi/lib/thumb/libg.a(lib_a-wctomb_r.o)
 .comment       0x0000000000000046       0x24 /opt/devkitpro/devkitARM/bin/../lib/gcc/arm-none-eabi/11.1.0/../../../../arm-none-eabi/lib/thumb/libg.a(lib_a-errno.o)
 .comment       0x0000000000000046       0x24 /opt/devkitpro/devkitARM/bin/../lib/gcc/arm-none-eabi/11.1.0/../../../../arm-none-eabi/lib/thumb/libg.a(lib_a-iswspace_l.o)
 .comment       0x0000000000000046       0x24 /opt/devkitpro/devkitARM/bin/../lib/gcc/arm-none-eabi/11.1.0/../../../../arm-none-eabi/lib/thumb/libg.a(lib_a-jp2uc.o)
 .comment       0x0000000000000046       0x24 /opt/devkitpro/devkitARM/bin/../lib/gcc/arm-none-eabi/11.1.0/../../../../arm-none-eabi/lib/thumb/libg.a(lib_a-strncmp.o)
 .comment       0x0000000000000046       0x24 /opt/devkitpro/devkitARM/bin/../lib/gcc/arm-none-eabi/11.1.0/../../../../arm-none-eabi/lib/thumb/libg.a(lib_a-categories.o)
 .comment       0x0000000000000046       0x24 /opt/devkitpro/devkitARM/bin/../lib/gcc/arm-none-eabi/11.1.0/../../../../arm-none-eabi/lib/thumb/libsysbase.a(iosupport.o)
 .comment       0x0000000000000046       0x24 /opt/devkitpro/devkitARM/bin/../lib/gcc/arm-none-eabi/11.1.0/../../../../arm-none-eabi/lib/thumb/libsysbase.a(fstat.o)
 .comment       0x0000000000000046       0x24 /opt/devkitpro/devkitARM/bin/../lib/gcc/arm-none-eabi/11.1.0/../../../../arm-none-eabi/lib/thumb/libsysbase.a(isatty.o)
 .comment       0x0000000000000046       0x24 /opt/devkitpro/devkitARM/bin/../lib/gcc/arm-none-eabi/11.1.0/../../../../arm-none-eabi/lib/thumb/libsysbase.a(lseek.o)
 .comment       0x0000000000000046       0x24 /opt/devkitpro/devkitARM/bin/../lib/gcc/arm-none-eabi/11.1.0/../../../../arm-none-eabi/lib/thumb/libsysbase.a(open.o)
 .comment       0x0000000000000046       0x24 /opt/devkitpro/devkitARM/bin/../lib/gcc/arm-none-eabi/11.1.0/../../../../arm-none-eabi/lib/thumb/libsysbase.a(read.o)
 .comment       0x0000000000000046       0x24 /opt/devkitpro/devkitARM/bin/../lib/gcc/arm-none-eabi/11.1.0/../../../../arm-none-eabi/lib/thumb/libsysbase.a(sbrk.o)
 .comment       0x0000000000000046       0x24 /opt/devkitpro/devkitARM/bin/../lib/gcc/arm-none-eabi/11.1.0/../../../../arm-none-eabi/lib/thumb/libsysbase.a(write.o)
 .comment       0x0000000000000046       0x24 /opt/devkitpro/devkitARM/bin/../lib/gcc/arm-none-eabi/11.1.0/../../../../arm-none-eabi/lib/thumb/libsysbase.a(malloc_vars.o)
 .comment       0x0000000000000046       0x24 /opt/devkitpro/devkitARM/bin/../lib/gcc/arm-none-eabi/11.1.0/../../../../arm-none-eabi/lib/thumb/libsysbase.a(build_argv.o)
 .comment       0x0000000000000046       0x24 /opt/devkitpro/devkitARM/bin/../lib/gcc/arm-none-eabi/11.1.0/../../../../arm-none-eabi/lib/thumb/libsysbase.a(flock.o)
 .comment       0x0000000000000046       0x24 /opt/devkitpro/devkitARM/bin/../lib/gcc/arm-none-eabi/11.1.0/../../../../arm-none-eabi/lib/thumb/libsysbase.a(syscall_support.o)
 .comment       0x0000000000000046       0x24 /opt/devkitpro/devkitARM/bin/../lib/gcc/arm-none-eabi/11.1.0/../../../../arm-none-eabi/lib/thumb/libsysbase.a(handle_manager.o)
 .comment       0x0000000000000046       0x24 /opt/devkitpro/devkitARM/bin/../lib/gcc/arm-none-eabi/11.1.0/../../../../arm-none-eabi/lib/thumb/libsysbase.a(getreent.o)
 .comment       0x0000000000000046       0x24 /opt/devkitpro/devkitARM/bin/../lib/gcc/arm-none-eabi/11.1.0/thumb/libgcc.a(_muldi3.o)
 .comment       0x0000000000000046       0x24 /opt/devkitpro/devkitARM/bin/../lib/gcc/arm-none-eabi/11.1.0/thumb/libgcc.a(_udivmoddi4.o)
 .comment       0x0000000000000046       0x24 /opt/devkitpro/devkitARM/bin/../lib/gcc/arm-none-eabi/11.1.0/thumb/crtend.o

.ARM.attributes
                0x0000000000000000       0x2d
 .ARM.attributes
                0x0000000000000000       0x21 /opt/devkitpro/devkitARM/bin/../lib/gcc/arm-none-eabi/11.1.0/../../../../arm-none-eabi/lib/thumb/ds_arm9_crt0.o
 .ARM.attributes
                0x0000000000000021       0x1c /opt/devkitpro/devkitARM/bin/../lib/gcc/arm-none-eabi/11.1.0/thumb/crti.o
 .ARM.attributes
                0x000000000000003d       0x2a /opt/devkitpro/devkitARM/bin/../lib/gcc/arm-none-eabi/11.1.0/thumb/crtbegin.o
 .ARM.attributes
                0x0000000000000067       0x14 soundbank.bin.o
 .ARM.attributes
                0x000000000000007b       0x1a mebious.o
 .ARM.attributes
                0x0000000000000095       0x1a wsfwp.o
 .ARM.attributes
                0x00000000000000af       0x27 template.o
 .ARM.attributes
                0x00000000000000d6       0x2b /opt/devkitpro/libnds/lib/libnds9.a(background.o)
 .ARM.attributes
                0x0000000000000101       0x2b /opt/devkitpro/libnds/lib/libnds9.a(console.o)
 .ARM.attributes
                0x000000000000012c       0x2b /opt/devkitpro/libnds/lib/libnds9.a(decompress.o)
 .ARM.attributes
                0x0000000000000157       0x2b /opt/devkitpro/libnds/lib/libnds9.a(trig.o)
 .ARM.attributes
                0x0000000000000182       0x2b /opt/devkitpro/libnds/lib/libnds9.a(keys.o)
 .ARM.attributes
                0x00000000000001ad       0x2b /opt/devkitpro/libnds/lib/libnds9.a(initSystem.o)
 .ARM.attributes
                0x00000000000001d8       0x2b /opt/devkitpro/libnds/lib/libnds9.a(timeSupport.o)
 .ARM.attributes
                0x0000000000000203       0x2b /opt/devkitpro/libnds/lib/libnds9.a(securearea.o)
 .ARM.attributes
                0x000000000000022e       0x2b /opt/devkitpro/libnds/lib/libnds9.a(interrupts.o)
 .ARM.attributes
                0x0000000000000259       0x2b /opt/devkitpro/libnds/lib/libnds9.a(syscalls.o)
 .ARM.attributes
                0x0000000000000284       0x2b /opt/devkitpro/libnds/lib/libnds9.a(libnds_exit.arm.o)
 .ARM.attributes
                0x00000000000002af       0x2b /opt/devkitpro/libnds/lib/libnds9.a(fifosystem.o)
 .ARM.attributes
                0x00000000000002da       0x21 /opt/devkitpro/libnds/lib/libnds9.a(mpu_setup.o)
 .ARM.attributes
                0x00000000000002fb       0x21 /opt/devkitpro/libnds/lib/libnds9.a(IntrWait.o)
 .ARM.attributes
                0x000000000000031c       0x21 /opt/devkitpro/libnds/lib/libnds9.a(cpu_clock.o)
 .ARM.attributes
                0x000000000000033d       0x1b /opt/devkitpro/libnds/lib/libnds9.a(interruptDispatcher.o)
 .ARM.attributes
                0x0000000000000358       0x21 /opt/devkitpro/libnds/lib/libnds9.a(swiSoftReset.o)
 .ARM.attributes
                0x0000000000000379       0x1b /opt/devkitpro/libnds/lib/libnds9.a(biosCalls.o)
 .ARM.attributes
                0x0000000000000394       0x14 /opt/devkitpro/libnds/lib/libnds9.a(default_font.bin.o)
 .ARM.attributes
                0x00000000000003a8       0x2b /opt/devkitpro/libnds/lib/libnds9.a(video.o)
 .ARM.attributes
                0x00000000000003d3       0x2b /opt/devkitpro/libnds/lib/libnds9.a(system.o)
 .ARM.attributes
                0x00000000000003fe       0x1b /opt/devkitpro/libnds/lib/libmm9.a(mm_comms.o)
 .ARM.attributes
                0x0000000000000419       0x1b /opt/devkitpro/libnds/lib/libmm9.a(mm_memory.o)
 .ARM.attributes
                0x0000000000000434       0x1b /opt/devkitpro/libnds/lib/libmm9.a(mm_main9.o)
 .ARM.attributes
                0x000000000000044f       0x1b /opt/devkitpro/libnds/lib/libmm9.a(mm_soundbank.o)
 .ARM.attributes
                0x000000000000046a       0x1b /opt/devkitpro/libnds/lib/libmm9.a(mm_flusher.o)
 .ARM.attributes
                0x0000000000000485       0x1c /opt/devkitpro/devkitARM/bin/../lib/gcc/arm-none-eabi/11.1.0/thumb/libgcc.a(_divsi3.o)
 .ARM.attributes
                0x00000000000004a1       0x1c /opt/devkitpro/devkitARM/bin/../lib/gcc/arm-none-eabi/11.1.0/thumb/libgcc.a(_dvmd_tls.o)
 .ARM.attributes
                0x00000000000004bd       0x2a /opt/devkitpro/devkitARM/bin/../lib/gcc/arm-none-eabi/11.1.0/../../../../arm-none-eabi/lib/thumb/libg.a(lib_a-fclose.o)
 .ARM.attributes
                0x00000000000004e7       0x2a /opt/devkitpro/devkitARM/bin/../lib/gcc/arm-none-eabi/11.1.0/../../../../arm-none-eabi/lib/thumb/libg.a(lib_a-fflush.o)
 .ARM.attributes
                0x0000000000000511       0x2a /opt/devkitpro/devkitARM/bin/../lib/gcc/arm-none-eabi/11.1.0/../../../../arm-none-eabi/lib/thumb/libg.a(lib_a-findfp.o)
 .ARM.attributes
                0x000000000000053b       0x2a /opt/devkitpro/devkitARM/bin/../lib/gcc/arm-none-eabi/11.1.0/../../../../arm-none-eabi/lib/thumb/libg.a(lib_a-fopen.o)
 .ARM.attributes
                0x0000000000000565       0x2a /opt/devkitpro/devkitARM/bin/../lib/gcc/arm-none-eabi/11.1.0/../../../../arm-none-eabi/lib/thumb/libg.a(lib_a-fread.o)
 .ARM.attributes
                0x000000000000058f       0x2a /opt/devkitpro/devkitARM/bin/../lib/gcc/arm-none-eabi/11.1.0/../../../../arm-none-eabi/lib/thumb/libg.a(lib_a-freer.o)
 .ARM.attributes
                0x00000000000005b9       0x2a /opt/devkitpro/devkitARM/bin/../lib/gcc/arm-none-eabi/11.1.0/../../../../arm-none-eabi/lib/thumb/libg.a(lib_a-fseek.o)
 .ARM.attributes
                0x00000000000005e3       0x2a /opt/devkitpro/devkitARM/bin/../lib/gcc/arm-none-eabi/11.1.0/../../../../arm-none-eabi/lib/thumb/libg.a(lib_a-fseeko.o)
 .ARM.attributes
                0x000000000000060d       0x2a /opt/devkitpro/devkitARM/bin/../lib/gcc/arm-none-eabi/11.1.0/../../../../arm-none-eabi/lib/thumb/libg.a(lib_a-fwalk.o)
 .ARM.attributes
                0x0000000000000637       0x30 /opt/devkitpro/devkitARM/bin/../lib/gcc/arm-none-eabi/11.1.0/../../../../arm-none-eabi/lib/thumb/libg.a(lib_a-impure.o)
 .ARM.attributes
                0x0000000000000667       0x2a /opt/devkitpro/devkitARM/bin/../lib/gcc/arm-none-eabi/11.1.0/../../../../arm-none-eabi/lib/thumb/libg.a(lib_a-init.o)
 .ARM.attributes
                0x0000000000000691       0x2a /opt/devkitpro/devkitARM/bin/../lib/gcc/arm-none-eabi/11.1.0/../../../../arm-none-eabi/lib/thumb/libg.a(lib_a-makebuf.o)
 .ARM.attributes
                0x00000000000006bb       0x2a /opt/devkitpro/devkitARM/bin/../lib/gcc/arm-none-eabi/11.1.0/../../../../arm-none-eabi/lib/thumb/libg.a(lib_a-malloc.o)
 .ARM.attributes
                0x00000000000006e5       0x2a /opt/devkitpro/devkitARM/bin/../lib/gcc/arm-none-eabi/11.1.0/../../../../arm-none-eabi/lib/thumb/libg.a(lib_a-mallocr.o)
 .ARM.attributes
                0x000000000000070f       0x2a /opt/devkitpro/devkitARM/bin/../lib/gcc/arm-none-eabi/11.1.0/../../../../arm-none-eabi/lib/thumb/libg.a(lib_a-memcpy-stub.o)
 .ARM.attributes
                0x0000000000000739       0x2a /opt/devkitpro/devkitARM/bin/../lib/gcc/arm-none-eabi/11.1.0/../../../../arm-none-eabi/lib/thumb/libg.a(lib_a-memset.o)
 .ARM.attributes
                0x0000000000000763       0x2a /opt/devkitpro/devkitARM/bin/../lib/gcc/arm-none-eabi/11.1.0/../../../../arm-none-eabi/lib/thumb/libg.a(lib_a-mlock.o)
 .ARM.attributes
                0x000000000000078d       0x2a /opt/devkitpro/devkitARM/bin/../lib/gcc/arm-none-eabi/11.1.0/../../../../arm-none-eabi/lib/thumb/libg.a(lib_a-refill.o)
 .ARM.attributes
                0x00000000000007b7       0x2a /opt/devkitpro/devkitARM/bin/../lib/gcc/arm-none-eabi/11.1.0/../../../../arm-none-eabi/lib/thumb/libg.a(lib_a-setvbuf.o)
 .ARM.attributes
                0x00000000000007e1       0x2a /opt/devkitpro/devkitARM/bin/../lib/gcc/arm-none-eabi/11.1.0/../../../../arm-none-eabi/lib/thumb/libg.a(lib_a-siscanf.o)
 .ARM.attributes
                0x000000000000080b       0x2a /opt/devkitpro/devkitARM/bin/../lib/gcc/arm-none-eabi/11.1.0/../../../../arm-none-eabi/lib/thumb/libg.a(lib_a-stdio.o)
 .ARM.attributes
                0x0000000000000835       0x2a /opt/devkitpro/devkitARM/bin/../lib/gcc/arm-none-eabi/11.1.0/../../../../arm-none-eabi/lib/thumb/libg.a(lib_a-strlen-stub.o)
 .ARM.attributes
                0x000000000000085f       0x2a /opt/devkitpro/devkitARM/bin/../lib/gcc/arm-none-eabi/11.1.0/../../../../arm-none-eabi/lib/thumb/libg.a(lib_a-svfiscanf.o)
 .ARM.attributes
                0x0000000000000889       0x2a /opt/devkitpro/devkitARM/bin/../lib/gcc/arm-none-eabi/11.1.0/../../../../arm-none-eabi/lib/thumb/libg.a(lib_a-ungetc.o)
 .ARM.attributes
                0x00000000000008b3       0x2a /opt/devkitpro/devkitARM/bin/../lib/gcc/arm-none-eabi/11.1.0/../../../../arm-none-eabi/lib/thumb/libg.a(lib_a-ctype_.o)
 .ARM.attributes
                0x00000000000008dd       0x2a /opt/devkitpro/devkitARM/bin/../lib/gcc/arm-none-eabi/11.1.0/../../../../arm-none-eabi/lib/thumb/libg.a(lib_a-flags.o)
 .ARM.attributes
                0x0000000000000907       0x2a /opt/devkitpro/devkitARM/bin/../lib/gcc/arm-none-eabi/11.1.0/../../../../arm-none-eabi/lib/thumb/libg.a(lib_a-iswspace.o)
 .ARM.attributes
                0x0000000000000931       0x2a /opt/devkitpro/devkitARM/bin/../lib/gcc/arm-none-eabi/11.1.0/../../../../arm-none-eabi/lib/thumb/libg.a(lib_a-locale.o)
 .ARM.attributes
                0x000000000000095b       0x2a /opt/devkitpro/devkitARM/bin/../lib/gcc/arm-none-eabi/11.1.0/../../../../arm-none-eabi/lib/thumb/libg.a(lib_a-mbrtowc.o)
 .ARM.attributes
                0x0000000000000985       0x2a /opt/devkitpro/devkitARM/bin/../lib/gcc/arm-none-eabi/11.1.0/../../../../arm-none-eabi/lib/thumb/libg.a(lib_a-mbtowc_r.o)
 .ARM.attributes
                0x00000000000009af       0x2a /opt/devkitpro/devkitARM/bin/../lib/gcc/arm-none-eabi/11.1.0/../../../../arm-none-eabi/lib/thumb/libg.a(lib_a-memmove.o)
 .ARM.attributes
                0x00000000000009d9       0x2a /opt/devkitpro/devkitARM/bin/../lib/gcc/arm-none-eabi/11.1.0/../../../../arm-none-eabi/lib/thumb/libg.a(lib_a-realloc.o)
 .ARM.attributes
                0x0000000000000a03       0x2a /opt/devkitpro/devkitARM/bin/../lib/gcc/arm-none-eabi/11.1.0/../../../../arm-none-eabi/lib/thumb/libg.a(lib_a-reallocr.o)
 .ARM.attributes
                0x0000000000000a2d       0x2a /opt/devkitpro/devkitARM/bin/../lib/gcc/arm-none-eabi/11.1.0/../../../../arm-none-eabi/lib/thumb/libg.a(lib_a-sccl.o)
 .ARM.attributes
                0x0000000000000a57       0x2a /opt/devkitpro/devkitARM/bin/../lib/gcc/arm-none-eabi/11.1.0/../../../../arm-none-eabi/lib/thumb/libg.a(lib_a-strchr.o)
 .ARM.attributes
                0x0000000000000a81       0x1a /opt/devkitpro/devkitARM/bin/../lib/gcc/arm-none-eabi/11.1.0/../../../../arm-none-eabi/lib/thumb/libg.a(lib_a-strcmp.o)
 .ARM.attributes
                0x0000000000000a9b       0x2a /opt/devkitpro/devkitARM/bin/../lib/gcc/arm-none-eabi/11.1.0/../../../../arm-none-eabi/lib/thumb/libg.a(lib_a-strtoll.o)
 .ARM.attributes
                0x0000000000000ac5       0x2a /opt/devkitpro/devkitARM/bin/../lib/gcc/arm-none-eabi/11.1.0/../../../../arm-none-eabi/lib/thumb/libg.a(lib_a-strtol.o)
 .ARM.attributes
                0x0000000000000aef       0x2a /opt/devkitpro/devkitARM/bin/../lib/gcc/arm-none-eabi/11.1.0/../../../../arm-none-eabi/lib/thumb/libg.a(lib_a-strtoull.o)
 .ARM.attributes
                0x0000000000000b19       0x2a /opt/devkitpro/devkitARM/bin/../lib/gcc/arm-none-eabi/11.1.0/../../../../arm-none-eabi/lib/thumb/libg.a(lib_a-strtoul.o)
 .ARM.attributes
                0x0000000000000b43       0x2a /opt/devkitpro/devkitARM/bin/../lib/gcc/arm-none-eabi/11.1.0/../../../../arm-none-eabi/lib/thumb/libg.a(lib_a-wctomb_r.o)
 .ARM.attributes
                0x0000000000000b6d       0x2a /opt/devkitpro/devkitARM/bin/../lib/gcc/arm-none-eabi/11.1.0/../../../../arm-none-eabi/lib/thumb/libg.a(lib_a-errno.o)
 .ARM.attributes
                0x0000000000000b97       0x2a /opt/devkitpro/devkitARM/bin/../lib/gcc/arm-none-eabi/11.1.0/../../../../arm-none-eabi/lib/thumb/libg.a(lib_a-iswspace_l.o)
 .ARM.attributes
                0x0000000000000bc1       0x2a /opt/devkitpro/devkitARM/bin/../lib/gcc/arm-none-eabi/11.1.0/../../../../arm-none-eabi/lib/thumb/libg.a(lib_a-jp2uc.o)
 .ARM.attributes
                0x0000000000000beb       0x2a /opt/devkitpro/devkitARM/bin/../lib/gcc/arm-none-eabi/11.1.0/../../../../arm-none-eabi/lib/thumb/libg.a(lib_a-strncmp.o)
 .ARM.attributes
                0x0000000000000c15       0x2a /opt/devkitpro/devkitARM/bin/../lib/gcc/arm-none-eabi/11.1.0/../../../../arm-none-eabi/lib/thumb/libg.a(lib_a-categories.o)
 .ARM.attributes
                0x0000000000000c3f       0x2a /opt/devkitpro/devkitARM/bin/../lib/gcc/arm-none-eabi/11.1.0/../../../../arm-none-eabi/lib/thumb/libsysbase.a(iosupport.o)
 .ARM.attributes
                0x0000000000000c69       0x2a /opt/devkitpro/devkitARM/bin/../lib/gcc/arm-none-eabi/11.1.0/../../../../arm-none-eabi/lib/thumb/libsysbase.a(fstat.o)
 .ARM.attributes
                0x0000000000000c93       0x2a /opt/devkitpro/devkitARM/bin/../lib/gcc/arm-none-eabi/11.1.0/../../../../arm-none-eabi/lib/thumb/libsysbase.a(isatty.o)
 .ARM.attributes
                0x0000000000000cbd       0x2a /opt/devkitpro/devkitARM/bin/../lib/gcc/arm-none-eabi/11.1.0/../../../../arm-none-eabi/lib/thumb/libsysbase.a(lseek.o)
 .ARM.attributes
                0x0000000000000ce7       0x2a /opt/devkitpro/devkitARM/bin/../lib/gcc/arm-none-eabi/11.1.0/../../../../arm-none-eabi/lib/thumb/libsysbase.a(open.o)
 .ARM.attributes
                0x0000000000000d11       0x2a /opt/devkitpro/devkitARM/bin/../lib/gcc/arm-none-eabi/11.1.0/../../../../arm-none-eabi/lib/thumb/libsysbase.a(read.o)
 .ARM.attributes
                0x0000000000000d3b       0x2a /opt/devkitpro/devkitARM/bin/../lib/gcc/arm-none-eabi/11.1.0/../../../../arm-none-eabi/lib/thumb/libsysbase.a(sbrk.o)
 .ARM.attributes
                0x0000000000000d65       0x2a /opt/devkitpro/devkitARM/bin/../lib/gcc/arm-none-eabi/11.1.0/../../../../arm-none-eabi/lib/thumb/libsysbase.a(write.o)
 .ARM.attributes
                0x0000000000000d8f       0x30 /opt/devkitpro/devkitARM/bin/../lib/gcc/arm-none-eabi/11.1.0/../../../../arm-none-eabi/lib/thumb/libsysbase.a(malloc_vars.o)
 .ARM.attributes
                0x0000000000000dbf       0x2a /opt/devkitpro/devkitARM/bin/../lib/gcc/arm-none-eabi/11.1.0/../../../../arm-none-eabi/lib/thumb/libsysbase.a(build_argv.o)
 .ARM.attributes
                0x0000000000000de9       0x2a /opt/devkitpro/devkitARM/bin/../lib/gcc/arm-none-eabi/11.1.0/../../../../arm-none-eabi/lib/thumb/libsysbase.a(flock.o)
 .ARM.attributes
                0x0000000000000e13       0x2a /opt/devkitpro/devkitARM/bin/../lib/gcc/arm-none-eabi/11.1.0/../../../../arm-none-eabi/lib/thumb/libsysbase.a(syscall_support.o)
 .ARM.attributes
                0x0000000000000e3d       0x2a /opt/devkitpro/devkitARM/bin/../lib/gcc/arm-none-eabi/11.1.0/../../../../arm-none-eabi/lib/thumb/libsysbase.a(handle_manager.o)
 .ARM.attributes
                0x0000000000000e67       0x2a /opt/devkitpro/devkitARM/bin/../lib/gcc/arm-none-eabi/11.1.0/../../../../arm-none-eabi/lib/thumb/libsysbase.a(getreent.o)
 .ARM.attributes
                0x0000000000000e91       0x1c /opt/devkitpro/devkitARM/bin/../lib/gcc/arm-none-eabi/11.1.0/thumb/libgcc.a(_thumb1_case_uqi.o)
 .ARM.attributes
                0x0000000000000ead       0x1c /opt/devkitpro/devkitARM/bin/../lib/gcc/arm-none-eabi/11.1.0/thumb/libgcc.a(_thumb1_case_uhi.o)
 .ARM.attributes
                0x0000000000000ec9       0x1c /opt/devkitpro/devkitARM/bin/../lib/gcc/arm-none-eabi/11.1.0/thumb/libgcc.a(_udivsi3.o)
 .ARM.attributes
                0x0000000000000ee5       0x1c /opt/devkitpro/devkitARM/bin/../lib/gcc/arm-none-eabi/11.1.0/thumb/libgcc.a(_aeabi_uldivmod.o)
 .ARM.attributes